DEVICE ordinal=1 name=AMD Instinct MI50/MI60 arch=gfx906:sramecc+:xnack- wave=64
RESULT type=iq2_xxs N=1280 K=2560 mean=40 max=70 groups=32 requested_j=0 median_us=1532.812134 sampled_rel2=0.00341852853 bit_differences=0
RESULT type=iq2_xxs N=1280 K=2560 mean=40 max=70 groups=32 requested_j=16 median_us=1784.942017 sampled_rel2=0.00341852853 bit_differences=0
RESULT type=iq2_xxs N=1280 K=2560 mean=40 max=70 groups=32 requested_j=32 median_us=1030.813354 sampled_rel2=0.00341852853 bit_differences=0
RESULT type=iq2_xxs N=1280 K=2560 mean=40 max=70 groups=32 requested_j=48 median_us=1774.123535 sampled_rel2=0.00341852853 bit_differences=0
RESULT type=iq2_xxs N=1280 K=2560 mean=40 max=70 groups=32 requested_j=64 median_us=1249.916992 sampled_rel2=0.00341852853 bit_differences=0
RESULT type=iq2_xxs N=1280 K=2560 mean=80 max=140 groups=32 requested_j=0 median_us=2520.553711 sampled_rel2=0.00355018887 bit_differences=0
RESULT type=iq2_xxs N=1280 K=2560 mean=80 max=140 groups=32 requested_j=16 median_us=3083.992432 sampled_rel2=0.00355018887 bit_differences=0
RESULT type=iq2_xxs N=1280 K=2560 mean=80 max=140 groups=32 requested_j=32 median_us=1812.795654 sampled_rel2=0.00355018887 bit_differences=0
RESULT type=iq2_xxs N=1280 K=2560 mean=80 max=140 groups=32 requested_j=48 median_us=2522.105957 sampled_rel2=0.00355018887 bit_differences=0
RESULT type=iq2_xxs N=1280 K=2560 mean=80 max=140 groups=32 requested_j=64 median_us=1617.932129 sampled_rel2=0.00355018887 bit_differences=0
RESULT type=iq2_xxs N=1280 K=2560 mean=160 max=280 groups=32 requested_j=0 median_us=2859.705078 sampled_rel2=0.00370653858 bit_differences=0
RESULT type=iq2_xxs N=1280 K=2560 mean=160 max=280 groups=32 requested_j=16 median_us=5709.170410 sampled_rel2=0.00370653858 bit_differences=0
RESULT type=iq2_xxs N=1280 K=2560 mean=160 max=280 groups=32 requested_j=32 median_us=3170.314697 sampled_rel2=0.00370653858 bit_differences=0
RESULT type=iq2_xxs N=1280 K=2560 mean=160 max=280 groups=32 requested_j=48 median_us=4325.765625 sampled_rel2=0.00370653858 bit_differences=0
RESULT type=iq2_xxs N=1280 K=2560 mean=160 max=280 groups=32 requested_j=64 median_us=2861.113281 sampled_rel2=0.00370653858 bit_differences=0
RESULT type=iq2_xs N=1280 K=2560 mean=40 max=70 groups=32 requested_j=0 median_us=1580.348389 sampled_rel2=0.00372733802 bit_differences=0
RESULT type=iq2_xs N=1280 K=2560 mean=40 max=70 groups=32 requested_j=16 median_us=2080.587158 sampled_rel2=0.00372733802 bit_differences=0
RESULT type=iq2_xs N=1280 K=2560 mean=40 max=70 groups=32 requested_j=32 median_us=1137.853394 sampled_rel2=0.00372733802 bit_differences=0
RESULT type=iq2_xs N=1280 K=2560 mean=40 max=70 groups=32 requested_j=48 median_us=1852.043579 sampled_rel2=0.00372733802 bit_differences=0
RESULT type=iq2_xs N=1280 K=2560 mean=40 max=70 groups=32 requested_j=64 median_us=1479.644531 sampled_rel2=0.00372733802 bit_differences=0
RESULT type=iq2_xs N=1280 K=2560 mean=80 max=140 groups=32 requested_j=0 median_us=2628.281982 sampled_rel2=0.00390053308 bit_differences=0
RESULT type=iq2_xs N=1280 K=2560 mean=80 max=140 groups=32 requested_j=16 median_us=3592.039795 sampled_rel2=0.00390053308 bit_differences=0
RESULT type=iq2_xs N=1280 K=2560 mean=80 max=140 groups=32 requested_j=32 median_us=2000.235596 sampled_rel2=0.00390053308 bit_differences=0
RESULT type=iq2_xs N=1280 K=2560 mean=80 max=140 groups=32 requested_j=48 median_us=2629.354004 sampled_rel2=0.00390053308 bit_differences=0
RESULT type=iq2_xs N=1280 K=2560 mean=80 max=140 groups=32 requested_j=64 median_us=1914.155518 sampled_rel2=0.00390053308 bit_differences=0
RESULT type=iq2_xs N=1280 K=2560 mean=160 max=280 groups=32 requested_j=0 median_us=3375.976562 sampled_rel2=0.00378136848 bit_differences=0
RESULT type=iq2_xs N=1280 K=2560 mean=160 max=280 groups=32 requested_j=16 median_us=6612.769531 sampled_rel2=0.00378136848 bit_differences=0
RESULT type=iq2_xs N=1280 K=2560 mean=160 max=280 groups=32 requested_j=32 median_us=3497.111816 sampled_rel2=0.00378136848 bit_differences=0
RESULT type=iq2_xs N=1280 K=2560 mean=160 max=280 groups=32 requested_j=48 median_us=4508.885742 sampled_rel2=0.00378136848 bit_differences=0
RESULT type=iq2_xs N=1280 K=2560 mean=160 max=280 groups=32 requested_j=64 median_us=3375.640381 sampled_rel2=0.00378136848 bit_differences=0
RESULT type=iq2_s N=1280 K=2560 mean=40 max=70 groups=32 requested_j=0 median_us=1607.676514 sampled_rel2=0.00387264449 bit_differences=0
RESULT type=iq2_s N=1280 K=2560 mean=40 max=70 groups=32 requested_j=16 median_us=2370.490723 sampled_rel2=0.00387264449 bit_differences=0
RESULT type=iq2_s N=1280 K=2560 mean=40 max=70 groups=32 requested_j=32 median_us=1169.645508 sampled_rel2=0.00387264449 bit_differences=0
RESULT type=iq2_s N=1280 K=2560 mean=40 max=70 groups=32 requested_j=48 median_us=1884.620117 sampled_rel2=0.00387264449 bit_differences=0
RESULT type=iq2_s N=1280 K=2560 mean=40 max=70 groups=32 requested_j=64 median_us=1493.596802 sampled_rel2=0.00387264449 bit_differences=0
RESULT type=iq2_s N=1280 K=2560 mean=80 max=140 groups=32 requested_j=0 median_us=2679.961914 sampled_rel2=0.00400592458 bit_differences=0
RESULT type=iq2_s N=1280 K=2560 mean=80 max=140 groups=32 requested_j=16 median_us=4013.783203 sampled_rel2=0.00400592458 bit_differences=0
RESULT type=iq2_s N=1280 K=2560 mean=80 max=140 groups=32 requested_j=32 median_us=2058.123535 sampled_rel2=0.00400592458 bit_differences=0
RESULT type=iq2_s N=1280 K=2560 mean=80 max=140 groups=32 requested_j=48 median_us=2680.314209 sampled_rel2=0.00400592458 bit_differences=0
RESULT type=iq2_s N=1280 K=2560 mean=80 max=140 groups=32 requested_j=64 median_us=1931.867798 sampled_rel2=0.00400592458 bit_differences=0
RESULT type=iq2_s N=1280 K=2560 mean=160 max=280 groups=32 requested_j=0 median_us=3409.912842 sampled_rel2=0.00380072631 bit_differences=0
RESULT type=iq2_s N=1280 K=2560 mean=160 max=280 groups=32 requested_j=16 median_us=7336.672363 sampled_rel2=0.00380072631 bit_differences=0
RESULT type=iq2_s N=1280 K=2560 mean=160 max=280 groups=32 requested_j=32 median_us=3591.640381 sampled_rel2=0.00380072631 bit_differences=0
RESULT type=iq2_s N=1280 K=2560 mean=160 max=280 groups=32 requested_j=48 median_us=4599.110352 sampled_rel2=0.00380072631 bit_differences=0
RESULT type=iq2_s N=1280 K=2560 mean=160 max=280 groups=32 requested_j=64 median_us=3410.168945 sampled_rel2=0.00380072631 bit_differences=0
RESULT type=iq3_xxs N=1280 K=2560 mean=40 max=70 groups=32 requested_j=0 median_us=1574.908691 sampled_rel2=0.00382093376 bit_differences=0
RESULT type=iq3_xxs N=1280 K=2560 mean=40 max=70 groups=32 requested_j=16 median_us=2067.403564 sampled_rel2=0.00382093376 bit_differences=0
RESULT type=iq3_xxs N=1280 K=2560 mean=40 max=70 groups=32 requested_j=32 median_us=1112.333740 sampled_rel2=0.00382093376 bit_differences=0
RESULT type=iq3_xxs N=1280 K=2560 mean=40 max=70 groups=32 requested_j=48 median_us=1805.068237 sampled_rel2=0.00382093376 bit_differences=0
RESULT type=iq3_xxs N=1280 K=2560 mean=40 max=70 groups=32 requested_j=64 median_us=1393.340942 sampled_rel2=0.00382093376 bit_differences=0
RESULT type=iq3_xxs N=1280 K=2560 mean=80 max=140 groups=32 requested_j=0 median_us=2568.410645 sampled_rel2=0.0040455994 bit_differences=0
RESULT type=iq3_xxs N=1280 K=2560 mean=80 max=140 groups=32 requested_j=16 median_us=3533.384766 sampled_rel2=0.0040455994 bit_differences=0
RESULT type=iq3_xxs N=1280 K=2560 mean=80 max=140 groups=32 requested_j=32 median_us=1909.468018 sampled_rel2=0.0040455994 bit_differences=0
RESULT type=iq3_xxs N=1280 K=2560 mean=80 max=140 groups=32 requested_j=48 median_us=2568.986816 sampled_rel2=0.0040455994 bit_differences=0
RESULT type=iq3_xxs N=1280 K=2560 mean=80 max=140 groups=32 requested_j=64 median_us=1810.460327 sampled_rel2=0.0040455994 bit_differences=0
RESULT type=iq3_xxs N=1280 K=2560 mean=160 max=280 groups=32 requested_j=0 median_us=3200.297607 sampled_rel2=0.00378812554 bit_differences=0
RESULT type=iq3_xxs N=1280 K=2560 mean=160 max=280 groups=32 requested_j=16 median_us=6286.451172 sampled_rel2=0.00378812554 bit_differences=0
RESULT type=iq3_xxs N=1280 K=2560 mean=160 max=280 groups=32 requested_j=32 median_us=3342.153076 sampled_rel2=0.00378812554 bit_differences=0
RESULT type=iq3_xxs N=1280 K=2560 mean=160 max=280 groups=32 requested_j=48 median_us=4413.479004 sampled_rel2=0.00378812554 bit_differences=0
RESULT type=iq3_xxs N=1280 K=2560 mean=160 max=280 groups=32 requested_j=64 median_us=3202.169434 sampled_rel2=0.00378812554 bit_differences=0
RESULT type=iq3_s N=1280 K=2560 mean=40 max=70 groups=32 requested_j=0 median_us=1580.652832 sampled_rel2=0.00361285654 bit_differences=0
RESULT type=iq3_s N=1280 K=2560 mean=40 max=70 groups=32 requested_j=16 median_us=2116.203613 sampled_rel2=0.00361285654 bit_differences=0
RESULT type=iq3_s N=1280 K=2560 mean=40 max=70 groups=32 requested_j=32 median_us=1091.597900 sampled_rel2=0.00361285654 bit_differences=0
RESULT type=iq3_s N=1280 K=2560 mean=40 max=70 groups=32 requested_j=48 median_us=1823.884399 sampled_rel2=0.00361285654 bit_differences=0
RESULT type=iq3_s N=1280 K=2560 mean=40 max=70 groups=32 requested_j=64 median_us=1262.797363 sampled_rel2=0.00361285654 bit_differences=0
RESULT type=iq3_s N=1280 K=2560 mean=80 max=140 groups=32 requested_j=0 median_us=2600.682861 sampled_rel2=0.00401726041 bit_differences=0
RESULT type=iq3_s N=1280 K=2560 mean=80 max=140 groups=32 requested_j=16 median_us=3606.873047 sampled_rel2=0.00401726041 bit_differences=0
RESULT type=iq3_s N=1280 K=2560 mean=80 max=140 groups=32 requested_j=32 median_us=1943.420044 sampled_rel2=0.00401726041 bit_differences=0
RESULT type=iq3_s N=1280 K=2560 mean=80 max=140 groups=32 requested_j=48 median_us=2601.130859 sampled_rel2=0.00401726041 bit_differences=0
RESULT type=iq3_s N=1280 K=2560 mean=80 max=140 groups=32 requested_j=64 median_us=1599.820801 sampled_rel2=0.00401726041 bit_differences=0
RESULT type=iq3_s N=1280 K=2560 mean=160 max=280 groups=32 requested_j=0 median_us=2834.154297 sampled_rel2=0.00377773553 bit_differences=0
RESULT type=iq3_s N=1280 K=2560 mean=160 max=280 groups=32 requested_j=16 median_us=6458.274902 sampled_rel2=0.00377773553 bit_differences=0
RESULT type=iq3_s N=1280 K=2560 mean=160 max=280 groups=32 requested_j=32 median_us=3400.681396 sampled_rel2=0.00377773553 bit_differences=0
RESULT type=iq3_s N=1280 K=2560 mean=160 max=280 groups=32 requested_j=48 median_us=4468.359375 sampled_rel2=0.00377773553 bit_differences=0
RESULT type=iq3_s N=1280 K=2560 mean=160 max=280 groups=32 requested_j=64 median_us=2834.074463 sampled_rel2=0.00377773553 bit_differences=0
RESULT type=iq4_xs N=1280 K=2560 mean=40 max=70 groups=32 requested_j=0 median_us=1401.485107 sampled_rel2=0.00319308024 bit_differences=0
RESULT type=iq4_xs N=1280 K=2560 mean=40 max=70 groups=32 requested_j=16 median_us=1110.973877 sampled_rel2=0.00319308024 bit_differences=0
RESULT type=iq4_xs N=1280 K=2560 mean=40 max=70 groups=32 requested_j=32 median_us=879.198242 sampled_rel2=0.00319308024 bit_differences=0
RESULT type=iq4_xs N=1280 K=2560 mean=40 max=70 groups=32 requested_j=48 median_us=1673.900635 sampled_rel2=0.00319308024 bit_differences=0
RESULT type=iq4_xs N=1280 K=2560 mean=40 max=70 groups=32 requested_j=64 median_us=1042.078003 sampled_rel2=0.00319308024 bit_differences=0
RESULT type=iq4_xs N=1280 K=2560 mean=80 max=140 groups=32 requested_j=0 median_us=2305.227539 sampled_rel2=0.00331640971 bit_differences=0
RESULT type=iq4_xs N=1280 K=2560 mean=80 max=140 groups=32 requested_j=16 median_us=1994.187988 sampled_rel2=0.00331640971 bit_differences=0
RESULT type=iq4_xs N=1280 K=2560 mean=80 max=140 groups=32 requested_j=32 median_us=1543.516968 sampled_rel2=0.00331640971 bit_differences=0
RESULT type=iq4_xs N=1280 K=2560 mean=80 max=140 groups=32 requested_j=48 median_us=2305.515625 sampled_rel2=0.00331640971 bit_differences=0
RESULT type=iq4_xs N=1280 K=2560 mean=80 max=140 groups=32 requested_j=64 median_us=1356.413330 sampled_rel2=0.00331640971 bit_differences=0
RESULT type=iq4_xs N=1280 K=2560 mean=160 max=280 groups=32 requested_j=0 median_us=2425.115234 sampled_rel2=0.00319120492 bit_differences=0
RESULT type=iq4_xs N=1280 K=2560 mean=160 max=280 groups=32 requested_j=16 median_us=3575.688965 sampled_rel2=0.00319120492 bit_differences=0
RESULT type=iq4_xs N=1280 K=2560 mean=160 max=280 groups=32 requested_j=32 median_us=2752.858643 sampled_rel2=0.00319120492 bit_differences=0
RESULT type=iq4_xs N=1280 K=2560 mean=160 max=280 groups=32 requested_j=48 median_us=3972.423828 sampled_rel2=0.00319120492 bit_differences=0
RESULT type=iq4_xs N=1280 K=2560 mean=160 max=280 groups=32 requested_j=64 median_us=2432.811279 sampled_rel2=0.00319120492 bit_differences=0
RESULT type=q2_0 N=2560 K=640 mean=40 max=70 groups=32 requested_j=0 median_us=929.726196 sampled_rel2=0.000928134728 bit_differences=0
RESULT type=q2_0 N=2560 K=640 mean=40 max=70 groups=32 requested_j=16 median_us=1304.029419 sampled_rel2=0.000928134728 bit_differences=0
RESULT type=q2_0 N=2560 K=640 mean=40 max=70 groups=32 requested_j=32 median_us=930.830200 sampled_rel2=0.000928134728 bit_differences=0
RESULT type=q2_0 N=2560 K=640 mean=40 max=70 groups=32 requested_j=48 median_us=971.326050 sampled_rel2=0.000928134728 bit_differences=0
RESULT type=q2_0 N=2560 K=640 mean=40 max=70 groups=32 requested_j=64 median_us=1012.781982 sampled_rel2=0.000928134728 bit_differences=0
RESULT type=q2_0 N=2560 K=640 mean=80 max=140 groups=32 requested_j=0 median_us=1444.509277 sampled_rel2=0.000933166885 bit_differences=0
RESULT type=q2_0 N=2560 K=640 mean=80 max=140 groups=32 requested_j=16 median_us=2337.291504 sampled_rel2=0.000933166885 bit_differences=0
RESULT type=q2_0 N=2560 K=640 mean=80 max=140 groups=32 requested_j=32 median_us=1578.284912 sampled_rel2=0.000933166885 bit_differences=0
RESULT type=q2_0 N=2560 K=640 mean=80 max=140 groups=32 requested_j=48 median_us=1445.613159 sampled_rel2=0.000933166885 bit_differences=0
RESULT type=q2_0 N=2560 K=640 mean=80 max=140 groups=32 requested_j=64 median_us=1502.765137 sampled_rel2=0.000933166885 bit_differences=0
RESULT type=q2_0 N=2560 K=640 mean=160 max=280 groups=32 requested_j=0 median_us=2547.099121 sampled_rel2=0.000976168251 bit_differences=0
RESULT type=q2_0 N=2560 K=640 mean=160 max=280 groups=32 requested_j=16 median_us=4412.951660 sampled_rel2=0.000976168251 bit_differences=0
RESULT type=q2_0 N=2560 K=640 mean=160 max=280 groups=32 requested_j=32 median_us=2822.730713 sampled_rel2=0.000976168251 bit_differences=0
RESULT type=q2_0 N=2560 K=640 mean=160 max=280 groups=32 requested_j=48 median_us=2476.635254 sampled_rel2=0.000976168251 bit_differences=0
RESULT type=q2_0 N=2560 K=640 mean=160 max=280 groups=32 requested_j=64 median_us=2546.187256 sampled_rel2=0.000976168251 bit_differences=0
RESULT type=iq4_nl N=2560 K=640 mean=40 max=70 groups=32 requested_j=0 median_us=807.694519 sampled_rel2=0.00362880763 bit_differences=0
RESULT type=iq4_nl N=2560 K=640 mean=40 max=70 groups=32 requested_j=16 median_us=662.670715 sampled_rel2=0.00362880763 bit_differences=0
RESULT type=iq4_nl N=2560 K=640 mean=40 max=70 groups=32 requested_j=32 median_us=557.231018 sampled_rel2=0.00362880763 bit_differences=0
RESULT type=iq4_nl N=2560 K=640 mean=40 max=70 groups=32 requested_j=48 median_us=962.606262 sampled_rel2=0.00362880763 bit_differences=0
RESULT type=iq4_nl N=2560 K=640 mean=40 max=70 groups=32 requested_j=64 median_us=564.702881 sampled_rel2=0.00362880763 bit_differences=0
RESULT type=iq4_nl N=2560 K=640 mean=80 max=140 groups=32 requested_j=0 median_us=1404.013428 sampled_rel2=0.0039194607 bit_differences=0
RESULT type=iq4_nl N=2560 K=640 mean=80 max=140 groups=32 requested_j=16 median_us=1224.125732 sampled_rel2=0.0039194607 bit_differences=0
RESULT type=iq4_nl N=2560 K=640 mean=80 max=140 groups=32 requested_j=32 median_us=934.878235 sampled_rel2=0.0039194607 bit_differences=0
RESULT type=iq4_nl N=2560 K=640 mean=80 max=140 groups=32 requested_j=48 median_us=1405.389282 sampled_rel2=0.0039194607 bit_differences=0
RESULT type=iq4_nl N=2560 K=640 mean=80 max=140 groups=32 requested_j=64 median_us=849.598389 sampled_rel2=0.0039194607 bit_differences=0
RESULT type=iq4_nl N=2560 K=640 mean=160 max=280 groups=32 requested_j=0 median_us=1425.101318 sampled_rel2=0.00378468768 bit_differences=0
RESULT type=iq4_nl N=2560 K=640 mean=160 max=280 groups=32 requested_j=16 median_us=2270.123779 sampled_rel2=0.00378468768 bit_differences=0
RESULT type=iq4_nl N=2560 K=640 mean=160 max=280 groups=32 requested_j=32 median_us=1706.908813 sampled_rel2=0.00378468768 bit_differences=0
RESULT type=iq4_nl N=2560 K=640 mean=160 max=280 groups=32 requested_j=48 median_us=2418.107422 sampled_rel2=0.00378468768 bit_differences=0
RESULT type=iq4_nl N=2560 K=640 mean=160 max=280 groups=32 requested_j=64 median_us=1426.253296 sampled_rel2=0.00378468768 bit_differences=0
PASS: full tile/control outputs + sampled CPU double oracle; not model parity or tok/s
