DEVICE ordinal=0 name=AMD Instinct MI50/MI60 arch=gfx906:sramecc+:xnack- wave=64
RESULT type=iq2_xxs N=1280 K=2560 mean=40 max=70 groups=32 requested_j=0 median_us=1532.690796 sampled_rel2=0.00341852853 bit_differences=0
RESULT type=iq2_xxs N=1280 K=2560 mean=40 max=70 groups=32 requested_j=16 median_us=1783.956665 sampled_rel2=0.00341852853 bit_differences=0
RESULT type=iq2_xxs N=1280 K=2560 mean=40 max=70 groups=32 requested_j=32 median_us=1030.818604 sampled_rel2=0.00341852853 bit_differences=0
RESULT type=iq2_xxs N=1280 K=2560 mean=40 max=70 groups=32 requested_j=48 median_us=1772.084839 sampled_rel2=0.00341852853 bit_differences=0
RESULT type=iq2_xxs N=1280 K=2560 mean=40 max=70 groups=32 requested_j=64 median_us=1249.955200 sampled_rel2=0.00341852853 bit_differences=0
RESULT type=iq2_xxs N=1280 K=2560 mean=80 max=140 groups=32 requested_j=0 median_us=2516.422607 sampled_rel2=0.00355018887 bit_differences=0
RESULT type=iq2_xxs N=1280 K=2560 mean=80 max=140 groups=32 requested_j=16 median_us=3079.416016 sampled_rel2=0.00355018887 bit_differences=0
RESULT type=iq2_xxs N=1280 K=2560 mean=80 max=140 groups=32 requested_j=32 median_us=1811.636719 sampled_rel2=0.00355018887 bit_differences=0
RESULT type=iq2_xxs N=1280 K=2560 mean=80 max=140 groups=32 requested_j=48 median_us=2516.614746 sampled_rel2=0.00355018887 bit_differences=0
RESULT type=iq2_xxs N=1280 K=2560 mean=80 max=140 groups=32 requested_j=64 median_us=1615.332275 sampled_rel2=0.00355018887 bit_differences=0
RESULT type=iq2_xxs N=1280 K=2560 mean=160 max=280 groups=32 requested_j=0 median_us=2855.927734 sampled_rel2=0.00370653858 bit_differences=0
RESULT type=iq2_xxs N=1280 K=2560 mean=160 max=280 groups=32 requested_j=16 median_us=5705.551270 sampled_rel2=0.00370653858 bit_differences=0
RESULT type=iq2_xxs N=1280 K=2560 mean=160 max=280 groups=32 requested_j=32 median_us=3167.400391 sampled_rel2=0.00370653858 bit_differences=0
RESULT type=iq2_xxs N=1280 K=2560 mean=160 max=280 groups=32 requested_j=48 median_us=4317.195312 sampled_rel2=0.00370653858 bit_differences=0
RESULT type=iq2_xxs N=1280 K=2560 mean=160 max=280 groups=32 requested_j=64 median_us=2858.279541 sampled_rel2=0.00370653858 bit_differences=0
RESULT type=iq2_xs N=1280 K=2560 mean=40 max=70 groups=32 requested_j=0 median_us=1580.468140 sampled_rel2=0.00372733802 bit_differences=0
RESULT type=iq2_xs N=1280 K=2560 mean=40 max=70 groups=32 requested_j=16 median_us=2060.917725 sampled_rel2=0.00372733802 bit_differences=0
RESULT type=iq2_xs N=1280 K=2560 mean=40 max=70 groups=32 requested_j=32 median_us=1135.155029 sampled_rel2=0.00372733802 bit_differences=0
RESULT type=iq2_xs N=1280 K=2560 mean=40 max=70 groups=32 requested_j=48 median_us=1850.869019 sampled_rel2=0.00372733802 bit_differences=0
RESULT type=iq2_xs N=1280 K=2560 mean=40 max=70 groups=32 requested_j=64 median_us=1483.059937 sampled_rel2=0.00372733802 bit_differences=0
RESULT type=iq2_xs N=1280 K=2560 mean=80 max=140 groups=32 requested_j=0 median_us=2624.920166 sampled_rel2=0.00390053308 bit_differences=0
RESULT type=iq2_xs N=1280 K=2560 mean=80 max=140 groups=32 requested_j=16 median_us=3593.497559 sampled_rel2=0.00390053308 bit_differences=0
RESULT type=iq2_xs N=1280 K=2560 mean=80 max=140 groups=32 requested_j=32 median_us=1998.725342 sampled_rel2=0.00390053308 bit_differences=0
RESULT type=iq2_xs N=1280 K=2560 mean=80 max=140 groups=32 requested_j=48 median_us=2625.607178 sampled_rel2=0.00390053308 bit_differences=0
RESULT type=iq2_xs N=1280 K=2560 mean=80 max=140 groups=32 requested_j=64 median_us=1919.285156 sampled_rel2=0.00390053308 bit_differences=0
RESULT type=iq2_xs N=1280 K=2560 mean=160 max=280 groups=32 requested_j=0 median_us=3377.353271 sampled_rel2=0.00378136848 bit_differences=0
RESULT type=iq2_xs N=1280 K=2560 mean=160 max=280 groups=32 requested_j=16 median_us=6606.578125 sampled_rel2=0.00378136848 bit_differences=0
RESULT type=iq2_xs N=1280 K=2560 mean=160 max=280 groups=32 requested_j=32 median_us=3493.641602 sampled_rel2=0.00378136848 bit_differences=0
RESULT type=iq2_xs N=1280 K=2560 mean=160 max=280 groups=32 requested_j=48 median_us=4499.948730 sampled_rel2=0.00378136848 bit_differences=0
RESULT type=iq2_xs N=1280 K=2560 mean=160 max=280 groups=32 requested_j=64 median_us=3378.505371 sampled_rel2=0.00378136848 bit_differences=0
RESULT type=iq2_s N=1280 K=2560 mean=40 max=70 groups=32 requested_j=0 median_us=1606.436401 sampled_rel2=0.00387264449 bit_differences=0
RESULT type=iq2_s N=1280 K=2560 mean=40 max=70 groups=32 requested_j=16 median_us=2371.302490 sampled_rel2=0.00387264449 bit_differences=0
RESULT type=iq2_s N=1280 K=2560 mean=40 max=70 groups=32 requested_j=32 median_us=1167.059204 sampled_rel2=0.00387264449 bit_differences=0
RESULT type=iq2_s N=1280 K=2560 mean=40 max=70 groups=32 requested_j=48 median_us=1883.909180 sampled_rel2=0.00387264449 bit_differences=0
RESULT type=iq2_s N=1280 K=2560 mean=40 max=70 groups=32 requested_j=64 median_us=1497.284180 sampled_rel2=0.00387264449 bit_differences=0
RESULT type=iq2_s N=1280 K=2560 mean=80 max=140 groups=32 requested_j=0 median_us=2675.943359 sampled_rel2=0.00400592458 bit_differences=0
RESULT type=iq2_s N=1280 K=2560 mean=80 max=140 groups=32 requested_j=16 median_us=4008.939453 sampled_rel2=0.00400592458 bit_differences=0
RESULT type=iq2_s N=1280 K=2560 mean=80 max=140 groups=32 requested_j=32 median_us=2056.261719 sampled_rel2=0.00400592458 bit_differences=0
RESULT type=iq2_s N=1280 K=2560 mean=80 max=140 groups=32 requested_j=48 median_us=2676.263184 sampled_rel2=0.00400592458 bit_differences=0
RESULT type=iq2_s N=1280 K=2560 mean=80 max=140 groups=32 requested_j=64 median_us=1936.469238 sampled_rel2=0.00400592458 bit_differences=0
RESULT type=iq2_s N=1280 K=2560 mean=160 max=280 groups=32 requested_j=0 median_us=3412.185547 sampled_rel2=0.00380072631 bit_differences=0
RESULT type=iq2_s N=1280 K=2560 mean=160 max=280 groups=32 requested_j=16 median_us=7337.619629 sampled_rel2=0.00380072631 bit_differences=0
RESULT type=iq2_s N=1280 K=2560 mean=160 max=280 groups=32 requested_j=32 median_us=3587.738037 sampled_rel2=0.00380072631 bit_differences=0
RESULT type=iq2_s N=1280 K=2560 mean=160 max=280 groups=32 requested_j=48 median_us=4589.900879 sampled_rel2=0.00380072631 bit_differences=0
RESULT type=iq2_s N=1280 K=2560 mean=160 max=280 groups=32 requested_j=64 median_us=3411.865723 sampled_rel2=0.00380072631 bit_differences=0
RESULT type=iq3_xxs N=1280 K=2560 mean=40 max=70 groups=32 requested_j=0 median_us=1573.988281 sampled_rel2=0.00382093376 bit_differences=0
RESULT type=iq3_xxs N=1280 K=2560 mean=40 max=70 groups=32 requested_j=16 median_us=2068.885498 sampled_rel2=0.00382093376 bit_differences=0
RESULT type=iq3_xxs N=1280 K=2560 mean=40 max=70 groups=32 requested_j=32 median_us=1108.835083 sampled_rel2=0.00382093376 bit_differences=0
RESULT type=iq3_xxs N=1280 K=2560 mean=40 max=70 groups=32 requested_j=48 median_us=1804.180908 sampled_rel2=0.00382093376 bit_differences=0
RESULT type=iq3_xxs N=1280 K=2560 mean=40 max=70 groups=32 requested_j=64 median_us=1398.579834 sampled_rel2=0.00382093376 bit_differences=0
RESULT type=iq3_xxs N=1280 K=2560 mean=80 max=140 groups=32 requested_j=0 median_us=2564.199219 sampled_rel2=0.0040455994 bit_differences=0
RESULT type=iq3_xxs N=1280 K=2560 mean=80 max=140 groups=32 requested_j=16 median_us=3533.705566 sampled_rel2=0.0040455994 bit_differences=0
RESULT type=iq3_xxs N=1280 K=2560 mean=80 max=140 groups=32 requested_j=32 median_us=1907.797241 sampled_rel2=0.0040455994 bit_differences=0
RESULT type=iq3_xxs N=1280 K=2560 mean=80 max=140 groups=32 requested_j=48 median_us=2563.927246 sampled_rel2=0.0040455994 bit_differences=0
RESULT type=iq3_xxs N=1280 K=2560 mean=80 max=140 groups=32 requested_j=64 median_us=1814.805176 sampled_rel2=0.0040455994 bit_differences=0
RESULT type=iq3_xxs N=1280 K=2560 mean=160 max=280 groups=32 requested_j=0 median_us=3205.000732 sampled_rel2=0.00378812554 bit_differences=0
RESULT type=iq3_xxs N=1280 K=2560 mean=160 max=280 groups=32 requested_j=16 median_us=6270.609375 sampled_rel2=0.00378812554 bit_differences=0
RESULT type=iq3_xxs N=1280 K=2560 mean=160 max=280 groups=32 requested_j=32 median_us=3336.985107 sampled_rel2=0.00378812554 bit_differences=0
RESULT type=iq3_xxs N=1280 K=2560 mean=160 max=280 groups=32 requested_j=48 median_us=4403.580078 sampled_rel2=0.00378812554 bit_differences=0
RESULT type=iq3_xxs N=1280 K=2560 mean=160 max=280 groups=32 requested_j=64 median_us=3204.984619 sampled_rel2=0.00378812554 bit_differences=0
RESULT type=iq3_s N=1280 K=2560 mean=40 max=70 groups=32 requested_j=0 median_us=1579.380371 sampled_rel2=0.00361285654 bit_differences=0
RESULT type=iq3_s N=1280 K=2560 mean=40 max=70 groups=32 requested_j=16 median_us=2120.117676 sampled_rel2=0.00361285654 bit_differences=0
RESULT type=iq3_s N=1280 K=2560 mean=40 max=70 groups=32 requested_j=32 median_us=1090.354980 sampled_rel2=0.00361285654 bit_differences=0
RESULT type=iq3_s N=1280 K=2560 mean=40 max=70 groups=32 requested_j=48 median_us=1820.644897 sampled_rel2=0.00361285654 bit_differences=0
RESULT type=iq3_s N=1280 K=2560 mean=40 max=70 groups=32 requested_j=64 median_us=1261.411499 sampled_rel2=0.00361285654 bit_differences=0
RESULT type=iq3_s N=1280 K=2560 mean=80 max=140 groups=32 requested_j=0 median_us=2595.463135 sampled_rel2=0.00401726041 bit_differences=0
RESULT type=iq3_s N=1280 K=2560 mean=80 max=140 groups=32 requested_j=16 median_us=3603.514160 sampled_rel2=0.00401726041 bit_differences=0
RESULT type=iq3_s N=1280 K=2560 mean=80 max=140 groups=32 requested_j=32 median_us=1940.085449 sampled_rel2=0.00401726041 bit_differences=0
RESULT type=iq3_s N=1280 K=2560 mean=80 max=140 groups=32 requested_j=48 median_us=2596.487305 sampled_rel2=0.00401726041 bit_differences=0
RESULT type=iq3_s N=1280 K=2560 mean=80 max=140 groups=32 requested_j=64 median_us=1601.140381 sampled_rel2=0.00401726041 bit_differences=0
RESULT type=iq3_s N=1280 K=2560 mean=160 max=280 groups=32 requested_j=0 median_us=2833.432129 sampled_rel2=0.00377773553 bit_differences=0
RESULT type=iq3_s N=1280 K=2560 mean=160 max=280 groups=32 requested_j=16 median_us=6446.498047 sampled_rel2=0.00377773553 bit_differences=0
RESULT type=iq3_s N=1280 K=2560 mean=160 max=280 groups=32 requested_j=32 median_us=3394.825684 sampled_rel2=0.00377773553 bit_differences=0
RESULT type=iq3_s N=1280 K=2560 mean=160 max=280 groups=32 requested_j=48 median_us=4458.572266 sampled_rel2=0.00377773553 bit_differences=0
RESULT type=iq3_s N=1280 K=2560 mean=160 max=280 groups=32 requested_j=64 median_us=2835.223877 sampled_rel2=0.00377773553 bit_differences=0
RESULT type=iq4_xs N=1280 K=2560 mean=40 max=70 groups=32 requested_j=0 median_us=1400.051880 sampled_rel2=0.00319308024 bit_differences=0
RESULT type=iq4_xs N=1280 K=2560 mean=40 max=70 groups=32 requested_j=16 median_us=1109.747070 sampled_rel2=0.00319308024 bit_differences=0
RESULT type=iq4_xs N=1280 K=2560 mean=40 max=70 groups=32 requested_j=32 median_us=875.170410 sampled_rel2=0.00319308024 bit_differences=0
RESULT type=iq4_xs N=1280 K=2560 mean=40 max=70 groups=32 requested_j=48 median_us=1670.260620 sampled_rel2=0.00319308024 bit_differences=0
RESULT type=iq4_xs N=1280 K=2560 mean=40 max=70 groups=32 requested_j=64 median_us=1037.810913 sampled_rel2=0.00319308024 bit_differences=0
RESULT type=iq4_xs N=1280 K=2560 mean=80 max=140 groups=32 requested_j=0 median_us=2300.038330 sampled_rel2=0.00331640971 bit_differences=0
RESULT type=iq4_xs N=1280 K=2560 mean=80 max=140 groups=32 requested_j=16 median_us=1992.517700 sampled_rel2=0.00331640971 bit_differences=0
RESULT type=iq4_xs N=1280 K=2560 mean=80 max=140 groups=32 requested_j=32 median_us=1539.044312 sampled_rel2=0.00331640971 bit_differences=0
RESULT type=iq4_xs N=1280 K=2560 mean=80 max=140 groups=32 requested_j=48 median_us=2300.230469 sampled_rel2=0.00331640971 bit_differences=0
RESULT type=iq4_xs N=1280 K=2560 mean=80 max=140 groups=32 requested_j=64 median_us=1342.899658 sampled_rel2=0.00331640971 bit_differences=0
RESULT type=iq4_xs N=1280 K=2560 mean=160 max=280 groups=32 requested_j=0 median_us=2428.710693 sampled_rel2=0.00319120492 bit_differences=0
RESULT type=iq4_xs N=1280 K=2560 mean=160 max=280 groups=32 requested_j=16 median_us=3562.345947 sampled_rel2=0.00319120492 bit_differences=0
RESULT type=iq4_xs N=1280 K=2560 mean=160 max=280 groups=32 requested_j=32 median_us=2750.775635 sampled_rel2=0.00319120492 bit_differences=0
RESULT type=iq4_xs N=1280 K=2560 mean=160 max=280 groups=32 requested_j=48 median_us=3961.931152 sampled_rel2=0.00319120492 bit_differences=0
RESULT type=iq4_xs N=1280 K=2560 mean=160 max=280 groups=32 requested_j=64 median_us=2422.854736 sampled_rel2=0.00319120492 bit_differences=0
RESULT type=q2_0 N=2560 K=640 mean=40 max=70 groups=32 requested_j=0 median_us=929.762573 sampled_rel2=0.000928134728 bit_differences=0
RESULT type=q2_0 N=2560 K=640 mean=40 max=70 groups=32 requested_j=16 median_us=1306.787720 sampled_rel2=0.000928134728 bit_differences=0
RESULT type=q2_0 N=2560 K=640 mean=40 max=70 groups=32 requested_j=32 median_us=929.474609 sampled_rel2=0.000928134728 bit_differences=0
RESULT type=q2_0 N=2560 K=640 mean=40 max=70 groups=32 requested_j=48 median_us=970.178711 sampled_rel2=0.000928134728 bit_differences=0
RESULT type=q2_0 N=2560 K=640 mean=40 max=70 groups=32 requested_j=64 median_us=1010.210815 sampled_rel2=0.000928134728 bit_differences=0
RESULT type=q2_0 N=2560 K=640 mean=80 max=140 groups=32 requested_j=0 median_us=1441.635986 sampled_rel2=0.000933166885 bit_differences=0
RESULT type=q2_0 N=2560 K=640 mean=80 max=140 groups=32 requested_j=16 median_us=2339.558350 sampled_rel2=0.000933166885 bit_differences=0
RESULT type=q2_0 N=2560 K=640 mean=80 max=140 groups=32 requested_j=32 median_us=1577.284424 sampled_rel2=0.000933166885 bit_differences=0
RESULT type=q2_0 N=2560 K=640 mean=80 max=140 groups=32 requested_j=48 median_us=1441.716064 sampled_rel2=0.000933166885 bit_differences=0
RESULT type=q2_0 N=2560 K=640 mean=80 max=140 groups=32 requested_j=64 median_us=1498.788208 sampled_rel2=0.000933166885 bit_differences=0
RESULT type=q2_0 N=2560 K=640 mean=160 max=280 groups=32 requested_j=0 median_us=2542.599121 sampled_rel2=0.000976168251 bit_differences=0
RESULT type=q2_0 N=2560 K=640 mean=160 max=280 groups=32 requested_j=16 median_us=4417.516113 sampled_rel2=0.000976168251 bit_differences=0
RESULT type=q2_0 N=2560 K=640 mean=160 max=280 groups=32 requested_j=32 median_us=2819.463867 sampled_rel2=0.000976168251 bit_differences=0
RESULT type=q2_0 N=2560 K=640 mean=160 max=280 groups=32 requested_j=48 median_us=2472.294922 sampled_rel2=0.000976168251 bit_differences=0
RESULT type=q2_0 N=2560 K=640 mean=160 max=280 groups=32 requested_j=64 median_us=2542.839355 sampled_rel2=0.000976168251 bit_differences=0
RESULT type=iq4_nl N=2560 K=640 mean=40 max=70 groups=32 requested_j=0 median_us=806.466187 sampled_rel2=0.00362880763 bit_differences=0
RESULT type=iq4_nl N=2560 K=640 mean=40 max=70 groups=32 requested_j=16 median_us=662.033813 sampled_rel2=0.00362880763 bit_differences=0
RESULT type=iq4_nl N=2560 K=640 mean=40 max=70 groups=32 requested_j=32 median_us=556.801636 sampled_rel2=0.00362880763 bit_differences=0
RESULT type=iq4_nl N=2560 K=640 mean=40 max=70 groups=32 requested_j=48 median_us=961.186707 sampled_rel2=0.00362880763 bit_differences=0
RESULT type=iq4_nl N=2560 K=640 mean=40 max=70 groups=32 requested_j=64 median_us=562.977600 sampled_rel2=0.00362880763 bit_differences=0
RESULT type=iq4_nl N=2560 K=640 mean=80 max=140 groups=32 requested_j=0 median_us=1401.875854 sampled_rel2=0.0039194607 bit_differences=0
RESULT type=iq4_nl N=2560 K=640 mean=80 max=140 groups=32 requested_j=16 median_us=1224.243408 sampled_rel2=0.0039194607 bit_differences=0
RESULT type=iq4_nl N=2560 K=640 mean=80 max=140 groups=32 requested_j=32 median_us=934.530762 sampled_rel2=0.0039194607 bit_differences=0
RESULT type=iq4_nl N=2560 K=640 mean=80 max=140 groups=32 requested_j=48 median_us=1401.619995 sampled_rel2=0.0039194607 bit_differences=0
RESULT type=iq4_nl N=2560 K=640 mean=80 max=140 groups=32 requested_j=64 median_us=847.490417 sampled_rel2=0.0039194607 bit_differences=0
RESULT type=iq4_nl N=2560 K=640 mean=160 max=280 groups=32 requested_j=0 median_us=1419.459961 sampled_rel2=0.00378468768 bit_differences=0
RESULT type=iq4_nl N=2560 K=640 mean=160 max=280 groups=32 requested_j=16 median_us=2270.678223 sampled_rel2=0.00378468768 bit_differences=0
RESULT type=iq4_nl N=2560 K=640 mean=160 max=280 groups=32 requested_j=32 median_us=1705.220825 sampled_rel2=0.00378468768 bit_differences=0
RESULT type=iq4_nl N=2560 K=640 mean=160 max=280 groups=32 requested_j=48 median_us=2413.014893 sampled_rel2=0.00378468768 bit_differences=0
RESULT type=iq4_nl N=2560 K=640 mean=160 max=280 groups=32 requested_j=64 median_us=1420.660034 sampled_rel2=0.00378468768 bit_differences=0
PASS: full tile/control outputs + sampled CPU double oracle; not model parity or tok/s
