DEVICE ordinal=0 name=AMD Instinct MI50/MI60 arch=gfx906:sramecc+:xnack- wave=64
RESULT type=iq2_xxs N=1280 K=2560 mean=5 max=8 groups=32 requested_j=0 median_us=339.264099 sampled_rel2=0.0038976632 bit_differences=0
RESULT type=iq2_xxs N=1280 K=2560 mean=5 max=8 groups=32 requested_j=16 median_us=706.320190 sampled_rel2=0.0038976632 bit_differences=0
RESULT type=iq2_xxs N=1280 K=2560 mean=5 max=8 groups=32 requested_j=32 median_us=692.000305 sampled_rel2=0.0038976632 bit_differences=0
RESULT type=iq2_xxs N=1280 K=2560 mean=5 max=8 groups=32 requested_j=48 median_us=1329.696899 sampled_rel2=0.0038976632 bit_differences=0
RESULT type=iq2_xxs N=1280 K=2560 mean=5 max=8 groups=32 requested_j=64 median_us=1076.480713 sampled_rel2=0.0038976632 bit_differences=0
RESULT type=iq2_xxs N=1280 K=2560 mean=5 max=8 groups=32 requested_j=auto median_us=337.760223 sampled_rel2=0.0038976632 bit_differences=0
RESULT type=iq2_xxs N=1280 K=2560 mean=20 max=35 groups=32 requested_j=0 median_us=1147.473145 sampled_rel2=0.00340559906 bit_differences=0
RESULT type=iq2_xxs N=1280 K=2560 mean=20 max=35 groups=32 requested_j=16 median_us=1055.953003 sampled_rel2=0.00340559906 bit_differences=0
RESULT type=iq2_xxs N=1280 K=2560 mean=20 max=35 groups=32 requested_j=32 median_us=794.640686 sampled_rel2=0.00340559906 bit_differences=0
RESULT type=iq2_xxs N=1280 K=2560 mean=20 max=35 groups=32 requested_j=48 median_us=1328.881226 sampled_rel2=0.00340559906 bit_differences=0
RESULT type=iq2_xxs N=1280 K=2560 mean=20 max=35 groups=32 requested_j=64 median_us=1077.057129 sampled_rel2=0.00340559906 bit_differences=0
RESULT type=iq2_xxs N=1280 K=2560 mean=20 max=35 groups=32 requested_j=auto median_us=1148.161133 sampled_rel2=0.00340559906 bit_differences=0
RESULT type=iq2_xxs N=1280 K=2560 mean=40 max=70 groups=32 requested_j=0 median_us=1532.001465 sampled_rel2=0.00341852853 bit_differences=0
RESULT type=iq2_xxs N=1280 K=2560 mean=40 max=70 groups=32 requested_j=16 median_us=1775.954102 sampled_rel2=0.00341852853 bit_differences=0
RESULT type=iq2_xxs N=1280 K=2560 mean=40 max=70 groups=32 requested_j=32 median_us=1029.185059 sampled_rel2=0.00341852853 bit_differences=0
RESULT type=iq2_xxs N=1280 K=2560 mean=40 max=70 groups=32 requested_j=48 median_us=1772.065674 sampled_rel2=0.00341852853 bit_differences=0
RESULT type=iq2_xxs N=1280 K=2560 mean=40 max=70 groups=32 requested_j=64 median_us=1249.665405 sampled_rel2=0.00341852853 bit_differences=0
RESULT type=iq2_xxs N=1280 K=2560 mean=40 max=70 groups=32 requested_j=auto median_us=1030.753174 sampled_rel2=0.00341852853 bit_differences=0
RESULT type=iq2_xxs N=1280 K=2560 mean=80 max=140 groups=32 requested_j=0 median_us=2516.002930 sampled_rel2=0.00355018887 bit_differences=0
RESULT type=iq2_xxs N=1280 K=2560 mean=80 max=140 groups=32 requested_j=16 median_us=3077.811523 sampled_rel2=0.00355018887 bit_differences=0
RESULT type=iq2_xxs N=1280 K=2560 mean=80 max=140 groups=32 requested_j=32 median_us=1811.393921 sampled_rel2=0.00355018887 bit_differences=0
RESULT type=iq2_xxs N=1280 K=2560 mean=80 max=140 groups=32 requested_j=48 median_us=2516.403076 sampled_rel2=0.00355018887 bit_differences=0
RESULT type=iq2_xxs N=1280 K=2560 mean=80 max=140 groups=32 requested_j=64 median_us=1615.025879 sampled_rel2=0.00355018887 bit_differences=0
RESULT type=iq2_xxs N=1280 K=2560 mean=80 max=140 groups=32 requested_j=auto median_us=1615.009888 sampled_rel2=0.00355018887 bit_differences=0
RESULT type=iq2_xxs N=1280 K=2560 mean=160 max=280 groups=32 requested_j=0 median_us=2855.075684 sampled_rel2=0.00370653858 bit_differences=0
RESULT type=iq2_xxs N=1280 K=2560 mean=160 max=280 groups=32 requested_j=16 median_us=5703.719238 sampled_rel2=0.00370653858 bit_differences=0
RESULT type=iq2_xxs N=1280 K=2560 mean=160 max=280 groups=32 requested_j=32 median_us=3165.812012 sampled_rel2=0.00370653858 bit_differences=0
RESULT type=iq2_xxs N=1280 K=2560 mean=160 max=280 groups=32 requested_j=48 median_us=4317.525391 sampled_rel2=0.00370653858 bit_differences=0
RESULT type=iq2_xxs N=1280 K=2560 mean=160 max=280 groups=32 requested_j=64 median_us=2855.939697 sampled_rel2=0.00370653858 bit_differences=0
RESULT type=iq2_xxs N=1280 K=2560 mean=160 max=280 groups=32 requested_j=auto median_us=2856.195557 sampled_rel2=0.00370653858 bit_differences=0
RESULT type=iq2_xs N=1280 K=2560 mean=5 max=8 groups=32 requested_j=0 median_us=492.144592 sampled_rel2=0.00364966312 bit_differences=0
RESULT type=iq2_xs N=1280 K=2560 mean=5 max=8 groups=32 requested_j=16 median_us=849.633118 sampled_rel2=0.00364966312 bit_differences=0
RESULT type=iq2_xs N=1280 K=2560 mean=5 max=8 groups=32 requested_j=32 median_us=762.225037 sampled_rel2=0.00364966312 bit_differences=0
RESULT type=iq2_xs N=1280 K=2560 mean=5 max=8 groups=32 requested_j=48 median_us=1385.217773 sampled_rel2=0.00364966312 bit_differences=0
RESULT type=iq2_xs N=1280 K=2560 mean=5 max=8 groups=32 requested_j=64 median_us=1261.025635 sampled_rel2=0.00364966312 bit_differences=0
RESULT type=iq2_xs N=1280 K=2560 mean=5 max=8 groups=32 requested_j=auto median_us=492.112579 sampled_rel2=0.00364966312 bit_differences=0
RESULT type=iq2_xs N=1280 K=2560 mean=20 max=35 groups=32 requested_j=0 median_us=1184.593506 sampled_rel2=0.00380738437 bit_differences=0
RESULT type=iq2_xs N=1280 K=2560 mean=20 max=35 groups=32 requested_j=16 median_us=1271.505615 sampled_rel2=0.00380738437 bit_differences=0
RESULT type=iq2_xs N=1280 K=2560 mean=20 max=35 groups=32 requested_j=32 median_us=877.473145 sampled_rel2=0.00380738437 bit_differences=0
RESULT type=iq2_xs N=1280 K=2560 mean=20 max=35 groups=32 requested_j=48 median_us=1385.809814 sampled_rel2=0.00380738437 bit_differences=0
RESULT type=iq2_xs N=1280 K=2560 mean=20 max=35 groups=32 requested_j=64 median_us=1268.305664 sampled_rel2=0.00380738437 bit_differences=0
RESULT type=iq2_xs N=1280 K=2560 mean=20 max=35 groups=32 requested_j=auto median_us=1184.817627 sampled_rel2=0.00380738437 bit_differences=0
RESULT type=iq2_xs N=1280 K=2560 mean=40 max=70 groups=32 requested_j=0 median_us=1580.513916 sampled_rel2=0.00372733802 bit_differences=0
RESULT type=iq2_xs N=1280 K=2560 mean=40 max=70 groups=32 requested_j=16 median_us=2064.498779 sampled_rel2=0.00372733802 bit_differences=0
RESULT type=iq2_xs N=1280 K=2560 mean=40 max=70 groups=32 requested_j=32 median_us=1136.369507 sampled_rel2=0.00372733802 bit_differences=0
RESULT type=iq2_xs N=1280 K=2560 mean=40 max=70 groups=32 requested_j=48 median_us=1850.290527 sampled_rel2=0.00372733802 bit_differences=0
RESULT type=iq2_xs N=1280 K=2560 mean=40 max=70 groups=32 requested_j=64 median_us=1481.634033 sampled_rel2=0.00372733802 bit_differences=0
RESULT type=iq2_xs N=1280 K=2560 mean=40 max=70 groups=32 requested_j=auto median_us=1136.193481 sampled_rel2=0.00372733802 bit_differences=0
RESULT type=iq2_xs N=1280 K=2560 mean=80 max=140 groups=32 requested_j=0 median_us=2623.955566 sampled_rel2=0.00390053308 bit_differences=0
RESULT type=iq2_xs N=1280 K=2560 mean=80 max=140 groups=32 requested_j=16 median_us=3591.780762 sampled_rel2=0.00390053308 bit_differences=0
RESULT type=iq2_xs N=1280 K=2560 mean=80 max=140 groups=32 requested_j=32 median_us=1996.194824 sampled_rel2=0.00390053308 bit_differences=0
RESULT type=iq2_xs N=1280 K=2560 mean=80 max=140 groups=32 requested_j=48 median_us=2624.147705 sampled_rel2=0.00390053308 bit_differences=0
RESULT type=iq2_xs N=1280 K=2560 mean=80 max=140 groups=32 requested_j=64 median_us=1919.090698 sampled_rel2=0.00390053308 bit_differences=0
RESULT type=iq2_xs N=1280 K=2560 mean=80 max=140 groups=32 requested_j=auto median_us=1918.994507 sampled_rel2=0.00390053308 bit_differences=0
RESULT type=iq2_xs N=1280 K=2560 mean=160 max=280 groups=32 requested_j=0 median_us=3376.516602 sampled_rel2=0.00378136848 bit_differences=0
RESULT type=iq2_xs N=1280 K=2560 mean=160 max=280 groups=32 requested_j=16 median_us=6605.865234 sampled_rel2=0.00378136848 bit_differences=0
RESULT type=iq2_xs N=1280 K=2560 mean=160 max=280 groups=32 requested_j=32 median_us=3491.076660 sampled_rel2=0.00378136848 bit_differences=0
RESULT type=iq2_xs N=1280 K=2560 mean=160 max=280 groups=32 requested_j=48 median_us=4498.198242 sampled_rel2=0.00378136848 bit_differences=0
RESULT type=iq2_xs N=1280 K=2560 mean=160 max=280 groups=32 requested_j=64 median_us=3378.039551 sampled_rel2=0.00378136848 bit_differences=0
RESULT type=iq2_xs N=1280 K=2560 mean=160 max=280 groups=32 requested_j=auto median_us=3376.756592 sampled_rel2=0.00378136848 bit_differences=0
RESULT type=iq2_s N=1280 K=2560 mean=5 max=8 groups=32 requested_j=0 median_us=527.040833 sampled_rel2=0.00366905069 bit_differences=0
RESULT type=iq2_s N=1280 K=2560 mean=5 max=8 groups=32 requested_j=16 median_us=924.993347 sampled_rel2=0.00366905069 bit_differences=0
RESULT type=iq2_s N=1280 K=2560 mean=5 max=8 groups=32 requested_j=32 median_us=782.161194 sampled_rel2=0.00366905069 bit_differences=0
RESULT type=iq2_s N=1280 K=2560 mean=5 max=8 groups=32 requested_j=48 median_us=1408.673950 sampled_rel2=0.00366905069 bit_differences=0
RESULT type=iq2_s N=1280 K=2560 mean=5 max=8 groups=32 requested_j=64 median_us=1281.825928 sampled_rel2=0.00366905069 bit_differences=0
RESULT type=iq2_s N=1280 K=2560 mean=5 max=8 groups=32 requested_j=auto median_us=527.248840 sampled_rel2=0.00366905069 bit_differences=0
RESULT type=iq2_s N=1280 K=2560 mean=20 max=35 groups=32 requested_j=0 median_us=1204.081787 sampled_rel2=0.00386908367 bit_differences=0
RESULT type=iq2_s N=1280 K=2560 mean=20 max=35 groups=32 requested_j=16 median_us=1388.033936 sampled_rel2=0.00386908367 bit_differences=0
RESULT type=iq2_s N=1280 K=2560 mean=20 max=35 groups=32 requested_j=32 median_us=912.497314 sampled_rel2=0.00386908367 bit_differences=0
RESULT type=iq2_s N=1280 K=2560 mean=20 max=35 groups=32 requested_j=48 median_us=1409.410156 sampled_rel2=0.00386908367 bit_differences=0
RESULT type=iq2_s N=1280 K=2560 mean=20 max=35 groups=32 requested_j=64 median_us=1283.857788 sampled_rel2=0.00386908367 bit_differences=0
RESULT type=iq2_s N=1280 K=2560 mean=20 max=35 groups=32 requested_j=auto median_us=1204.209717 sampled_rel2=0.00386908367 bit_differences=0
RESULT type=iq2_s N=1280 K=2560 mean=40 max=70 groups=32 requested_j=0 median_us=1607.122192 sampled_rel2=0.00387264449 bit_differences=0
RESULT type=iq2_s N=1280 K=2560 mean=40 max=70 groups=32 requested_j=16 median_us=2375.331787 sampled_rel2=0.00387264449 bit_differences=0
RESULT type=iq2_s N=1280 K=2560 mean=40 max=70 groups=32 requested_j=32 median_us=1166.689819 sampled_rel2=0.00387264449 bit_differences=0
RESULT type=iq2_s N=1280 K=2560 mean=40 max=70 groups=32 requested_j=48 median_us=1882.786743 sampled_rel2=0.00387264449 bit_differences=0
RESULT type=iq2_s N=1280 K=2560 mean=40 max=70 groups=32 requested_j=64 median_us=1497.362183 sampled_rel2=0.00387264449 bit_differences=0
RESULT type=iq2_s N=1280 K=2560 mean=40 max=70 groups=32 requested_j=auto median_us=1166.961670 sampled_rel2=0.00387264449 bit_differences=0
RESULT type=iq2_s N=1280 K=2560 mean=80 max=140 groups=32 requested_j=0 median_us=2675.780029 sampled_rel2=0.00400592458 bit_differences=0
RESULT type=iq2_s N=1280 K=2560 mean=80 max=140 groups=32 requested_j=16 median_us=4019.910156 sampled_rel2=0.00400592458 bit_differences=0
RESULT type=iq2_s N=1280 K=2560 mean=80 max=140 groups=32 requested_j=32 median_us=2055.971191 sampled_rel2=0.00400592458 bit_differences=0
RESULT type=iq2_s N=1280 K=2560 mean=80 max=140 groups=32 requested_j=48 median_us=2675.812012 sampled_rel2=0.00400592458 bit_differences=0
RESULT type=iq2_s N=1280 K=2560 mean=80 max=140 groups=32 requested_j=64 median_us=1935.954834 sampled_rel2=0.00400592458 bit_differences=0
RESULT type=iq2_s N=1280 K=2560 mean=80 max=140 groups=32 requested_j=auto median_us=1936.194824 sampled_rel2=0.00400592458 bit_differences=0
RESULT type=iq2_s N=1280 K=2560 mean=160 max=280 groups=32 requested_j=0 median_us=3411.461182 sampled_rel2=0.00380072631 bit_differences=0
RESULT type=iq2_s N=1280 K=2560 mean=160 max=280 groups=32 requested_j=16 median_us=7341.595703 sampled_rel2=0.00380072631 bit_differences=0
RESULT type=iq2_s N=1280 K=2560 mean=160 max=280 groups=32 requested_j=32 median_us=3589.733398 sampled_rel2=0.00380072631 bit_differences=0
RESULT type=iq2_s N=1280 K=2560 mean=160 max=280 groups=32 requested_j=48 median_us=4590.951172 sampled_rel2=0.00380072631 bit_differences=0
RESULT type=iq2_s N=1280 K=2560 mean=160 max=280 groups=32 requested_j=64 median_us=3410.933350 sampled_rel2=0.00380072631 bit_differences=0
RESULT type=iq2_s N=1280 K=2560 mean=160 max=280 groups=32 requested_j=auto median_us=3411.893066 sampled_rel2=0.00380072631 bit_differences=0
RESULT type=iq3_xxs N=1280 K=2560 mean=5 max=8 groups=32 requested_j=0 median_us=337.808502 sampled_rel2=0.00377461745 bit_differences=0
RESULT type=iq3_xxs N=1280 K=2560 mean=5 max=8 groups=32 requested_j=16 median_us=777.329224 sampled_rel2=0.00377461745 bit_differences=0
RESULT type=iq3_xxs N=1280 K=2560 mean=5 max=8 groups=32 requested_j=32 median_us=714.385071 sampled_rel2=0.00377461745 bit_differences=0
RESULT type=iq3_xxs N=1280 K=2560 mean=5 max=8 groups=32 requested_j=48 median_us=1350.850098 sampled_rel2=0.00377461745 bit_differences=0
RESULT type=iq3_xxs N=1280 K=2560 mean=5 max=8 groups=32 requested_j=64 median_us=1189.729858 sampled_rel2=0.00377461745 bit_differences=0
RESULT type=iq3_xxs N=1280 K=2560 mean=5 max=8 groups=32 requested_j=auto median_us=338.080597 sampled_rel2=0.00377461745 bit_differences=0
RESULT type=iq3_xxs N=1280 K=2560 mean=20 max=35 groups=32 requested_j=0 median_us=1179.073853 sampled_rel2=0.00379653728 bit_differences=0
RESULT type=iq3_xxs N=1280 K=2560 mean=20 max=35 groups=32 requested_j=16 median_us=1179.745728 sampled_rel2=0.00379653728 bit_differences=0
RESULT type=iq3_xxs N=1280 K=2560 mean=20 max=35 groups=32 requested_j=32 median_us=830.433289 sampled_rel2=0.00379653728 bit_differences=0
RESULT type=iq3_xxs N=1280 K=2560 mean=20 max=35 groups=32 requested_j=48 median_us=1351.234009 sampled_rel2=0.00379653728 bit_differences=0
RESULT type=iq3_xxs N=1280 K=2560 mean=20 max=35 groups=32 requested_j=64 median_us=1196.225952 sampled_rel2=0.00379653728 bit_differences=0
RESULT type=iq3_xxs N=1280 K=2560 mean=20 max=35 groups=32 requested_j=auto median_us=1179.473755 sampled_rel2=0.00379653728 bit_differences=0
RESULT type=iq3_xxs N=1280 K=2560 mean=40 max=70 groups=32 requested_j=0 median_us=1574.274536 sampled_rel2=0.00382093376 bit_differences=0
RESULT type=iq3_xxs N=1280 K=2560 mean=40 max=70 groups=32 requested_j=16 median_us=2069.603271 sampled_rel2=0.00382093376 bit_differences=0
RESULT type=iq3_xxs N=1280 K=2560 mean=40 max=70 groups=32 requested_j=32 median_us=1108.785767 sampled_rel2=0.00382093376 bit_differences=0
RESULT type=iq3_xxs N=1280 K=2560 mean=40 max=70 groups=32 requested_j=48 median_us=1804.146729 sampled_rel2=0.00382093376 bit_differences=0
RESULT type=iq3_xxs N=1280 K=2560 mean=40 max=70 groups=32 requested_j=64 median_us=1399.730225 sampled_rel2=0.00382093376 bit_differences=0
RESULT type=iq3_xxs N=1280 K=2560 mean=40 max=70 groups=32 requested_j=auto median_us=1109.265747 sampled_rel2=0.00382093376 bit_differences=0
RESULT type=iq3_xxs N=1280 K=2560 mean=80 max=140 groups=32 requested_j=0 median_us=2561.972168 sampled_rel2=0.0040455994 bit_differences=0
RESULT type=iq3_xxs N=1280 K=2560 mean=80 max=140 groups=32 requested_j=16 median_us=3529.701660 sampled_rel2=0.0040455994 bit_differences=0
RESULT type=iq3_xxs N=1280 K=2560 mean=80 max=140 groups=32 requested_j=32 median_us=1907.202881 sampled_rel2=0.0040455994 bit_differences=0
RESULT type=iq3_xxs N=1280 K=2560 mean=80 max=140 groups=32 requested_j=48 median_us=2563.587891 sampled_rel2=0.0040455994 bit_differences=0
RESULT type=iq3_xxs N=1280 K=2560 mean=80 max=140 groups=32 requested_j=64 median_us=1814.850830 sampled_rel2=0.0040455994 bit_differences=0
RESULT type=iq3_xxs N=1280 K=2560 mean=80 max=140 groups=32 requested_j=auto median_us=1813.106689 sampled_rel2=0.0040455994 bit_differences=0
RESULT type=iq3_xxs N=1280 K=2560 mean=160 max=280 groups=32 requested_j=0 median_us=3204.325195 sampled_rel2=0.00378812554 bit_differences=0
RESULT type=iq3_xxs N=1280 K=2560 mean=160 max=280 groups=32 requested_j=16 median_us=6279.994629 sampled_rel2=0.00378812554 bit_differences=0
RESULT type=iq3_xxs N=1280 K=2560 mean=160 max=280 groups=32 requested_j=32 median_us=3334.853271 sampled_rel2=0.00378812554 bit_differences=0
RESULT type=iq3_xxs N=1280 K=2560 mean=160 max=280 groups=32 requested_j=48 median_us=4402.455078 sampled_rel2=0.00378812554 bit_differences=0
RESULT type=iq3_xxs N=1280 K=2560 mean=160 max=280 groups=32 requested_j=64 median_us=3203.909180 sampled_rel2=0.00378812554 bit_differences=0
RESULT type=iq3_xxs N=1280 K=2560 mean=160 max=280 groups=32 requested_j=auto median_us=3204.789307 sampled_rel2=0.00378812554 bit_differences=0
RESULT type=iq3_s N=1280 K=2560 mean=5 max=8 groups=32 requested_j=0 median_us=351.152618 sampled_rel2=0.00393585674 bit_differences=0
RESULT type=iq3_s N=1280 K=2560 mean=5 max=8 groups=32 requested_j=16 median_us=805.025269 sampled_rel2=0.00393585674 bit_differences=0
RESULT type=iq3_s N=1280 K=2560 mean=5 max=8 groups=32 requested_j=32 median_us=723.169067 sampled_rel2=0.00393585674 bit_differences=0
RESULT type=iq3_s N=1280 K=2560 mean=5 max=8 groups=32 requested_j=48 median_us=1361.058228 sampled_rel2=0.00393585674 bit_differences=0
RESULT type=iq3_s N=1280 K=2560 mean=5 max=8 groups=32 requested_j=64 median_us=1078.369751 sampled_rel2=0.00393585674 bit_differences=0
RESULT type=iq3_s N=1280 K=2560 mean=5 max=8 groups=32 requested_j=auto median_us=351.248596 sampled_rel2=0.00393585674 bit_differences=0
RESULT type=iq3_s N=1280 K=2560 mean=20 max=35 groups=32 requested_j=0 median_us=1190.481812 sampled_rel2=0.0037135322 bit_differences=0
RESULT type=iq3_s N=1280 K=2560 mean=20 max=35 groups=32 requested_j=16 median_us=1235.138062 sampled_rel2=0.0037135322 bit_differences=0
RESULT type=iq3_s N=1280 K=2560 mean=20 max=35 groups=32 requested_j=32 median_us=843.617432 sampled_rel2=0.0037135322 bit_differences=0
RESULT type=iq3_s N=1280 K=2560 mean=20 max=35 groups=32 requested_j=48 median_us=1362.034180 sampled_rel2=0.0037135322 bit_differences=0
RESULT type=iq3_s N=1280 K=2560 mean=20 max=35 groups=32 requested_j=64 median_us=1071.985718 sampled_rel2=0.0037135322 bit_differences=0
RESULT type=iq3_s N=1280 K=2560 mean=20 max=35 groups=32 requested_j=auto median_us=1189.778076 sampled_rel2=0.0037135322 bit_differences=0
RESULT type=iq3_s N=1280 K=2560 mean=40 max=70 groups=32 requested_j=0 median_us=1577.634644 sampled_rel2=0.00361285654 bit_differences=0
RESULT type=iq3_s N=1280 K=2560 mean=40 max=70 groups=32 requested_j=16 median_us=2121.155518 sampled_rel2=0.00361285654 bit_differences=0
RESULT type=iq3_s N=1280 K=2560 mean=40 max=70 groups=32 requested_j=32 median_us=1088.817871 sampled_rel2=0.00361285654 bit_differences=0
RESULT type=iq3_s N=1280 K=2560 mean=40 max=70 groups=32 requested_j=48 median_us=1820.355225 sampled_rel2=0.00361285654 bit_differences=0
RESULT type=iq3_s N=1280 K=2560 mean=40 max=70 groups=32 requested_j=64 median_us=1261.634033 sampled_rel2=0.00361285654 bit_differences=0
RESULT type=iq3_s N=1280 K=2560 mean=40 max=70 groups=32 requested_j=auto median_us=1089.953857 sampled_rel2=0.00361285654 bit_differences=0
RESULT type=iq3_s N=1280 K=2560 mean=80 max=140 groups=32 requested_j=0 median_us=2594.308594 sampled_rel2=0.00401726041 bit_differences=0
RESULT type=iq3_s N=1280 K=2560 mean=80 max=140 groups=32 requested_j=16 median_us=3604.053955 sampled_rel2=0.00401726041 bit_differences=0
RESULT type=iq3_s N=1280 K=2560 mean=80 max=140 groups=32 requested_j=32 median_us=1940.435181 sampled_rel2=0.00401726041 bit_differences=0
RESULT type=iq3_s N=1280 K=2560 mean=80 max=140 groups=32 requested_j=48 median_us=2595.572510 sampled_rel2=0.00401726041 bit_differences=0
RESULT type=iq3_s N=1280 K=2560 mean=80 max=140 groups=32 requested_j=64 median_us=1600.130615 sampled_rel2=0.00401726041 bit_differences=0
RESULT type=iq3_s N=1280 K=2560 mean=80 max=140 groups=32 requested_j=auto median_us=1599.746704 sampled_rel2=0.00401726041 bit_differences=0
RESULT type=iq3_s N=1280 K=2560 mean=160 max=280 groups=32 requested_j=0 median_us=2833.028809 sampled_rel2=0.00377773553 bit_differences=0
RESULT type=iq3_s N=1280 K=2560 mean=160 max=280 groups=32 requested_j=16 median_us=6446.570801 sampled_rel2=0.00377773553 bit_differences=0
RESULT type=iq3_s N=1280 K=2560 mean=160 max=280 groups=32 requested_j=32 median_us=3394.261475 sampled_rel2=0.00377773553 bit_differences=0
RESULT type=iq3_s N=1280 K=2560 mean=160 max=280 groups=32 requested_j=48 median_us=4456.487793 sampled_rel2=0.00377773553 bit_differences=0
RESULT type=iq3_s N=1280 K=2560 mean=160 max=280 groups=32 requested_j=64 median_us=2833.908936 sampled_rel2=0.00377773553 bit_differences=0
RESULT type=iq3_s N=1280 K=2560 mean=160 max=280 groups=32 requested_j=auto median_us=2834.388672 sampled_rel2=0.00377773553 bit_differences=0
RESULT type=iq4_xs N=1280 K=2560 mean=5 max=8 groups=32 requested_j=0 median_us=247.552490 sampled_rel2=0.00320237238 bit_differences=0
RESULT type=iq4_xs N=1280 K=2560 mean=5 max=8 groups=32 requested_j=16 median_us=439.136688 sampled_rel2=0.00320237238 bit_differences=0
RESULT type=iq4_xs N=1280 K=2560 mean=5 max=8 groups=32 requested_j=32 median_us=583.136963 sampled_rel2=0.00320237238 bit_differences=0
RESULT type=iq4_xs N=1280 K=2560 mean=5 max=8 groups=32 requested_j=48 median_us=1261.474243 sampled_rel2=0.00320237238 bit_differences=0
RESULT type=iq4_xs N=1280 K=2560 mean=5 max=8 groups=32 requested_j=64 median_us=906.353577 sampled_rel2=0.00320237238 bit_differences=0
RESULT type=iq4_xs N=1280 K=2560 mean=5 max=8 groups=32 requested_j=auto median_us=247.424500 sampled_rel2=0.00320237238 bit_differences=0
RESULT type=iq4_xs N=1280 K=2560 mean=20 max=35 groups=32 requested_j=0 median_us=1052.689819 sampled_rel2=0.00300552345 bit_differences=0
RESULT type=iq4_xs N=1280 K=2560 mean=20 max=35 groups=32 requested_j=16 median_us=634.017090 sampled_rel2=0.00300552345 bit_differences=0
RESULT type=iq4_xs N=1280 K=2560 mean=20 max=35 groups=32 requested_j=32 median_us=676.689209 sampled_rel2=0.00300552345 bit_differences=0
RESULT type=iq4_xs N=1280 K=2560 mean=20 max=35 groups=32 requested_j=48 median_us=1248.818237 sampled_rel2=0.00300552345 bit_differences=0
RESULT type=iq4_xs N=1280 K=2560 mean=20 max=35 groups=32 requested_j=64 median_us=904.097534 sampled_rel2=0.00300552345 bit_differences=0
RESULT type=iq4_xs N=1280 K=2560 mean=20 max=35 groups=32 requested_j=auto median_us=1052.561768 sampled_rel2=0.00300552345 bit_differences=0
RESULT type=iq4_xs N=1280 K=2560 mean=40 max=70 groups=32 requested_j=0 median_us=1399.138306 sampled_rel2=0.00319308024 bit_differences=0
RESULT type=iq4_xs N=1280 K=2560 mean=40 max=70 groups=32 requested_j=16 median_us=1109.905884 sampled_rel2=0.00319308024 bit_differences=0
RESULT type=iq4_xs N=1280 K=2560 mean=40 max=70 groups=32 requested_j=32 median_us=874.689453 sampled_rel2=0.00319308024 bit_differences=0
RESULT type=iq4_xs N=1280 K=2560 mean=40 max=70 groups=32 requested_j=48 median_us=1668.866943 sampled_rel2=0.00319308024 bit_differences=0
RESULT type=iq4_xs N=1280 K=2560 mean=40 max=70 groups=32 requested_j=64 median_us=1036.561768 sampled_rel2=0.00319308024 bit_differences=0
RESULT type=iq4_xs N=1280 K=2560 mean=40 max=70 groups=32 requested_j=auto median_us=875.073608 sampled_rel2=0.00319308024 bit_differences=0
RESULT type=iq4_xs N=1280 K=2560 mean=80 max=140 groups=32 requested_j=0 median_us=2300.931885 sampled_rel2=0.00331640971 bit_differences=0
RESULT type=iq4_xs N=1280 K=2560 mean=80 max=140 groups=32 requested_j=16 median_us=1993.811646 sampled_rel2=0.00331640971 bit_differences=0
RESULT type=iq4_xs N=1280 K=2560 mean=80 max=140 groups=32 requested_j=32 median_us=1538.898682 sampled_rel2=0.00331640971 bit_differences=0
RESULT type=iq4_xs N=1280 K=2560 mean=80 max=140 groups=32 requested_j=48 median_us=2301.028076 sampled_rel2=0.00331640971 bit_differences=0
RESULT type=iq4_xs N=1280 K=2560 mean=80 max=140 groups=32 requested_j=64 median_us=1344.002319 sampled_rel2=0.00331640971 bit_differences=0
RESULT type=iq4_xs N=1280 K=2560 mean=80 max=140 groups=32 requested_j=auto median_us=1343.234497 sampled_rel2=0.00331640971 bit_differences=0
RESULT type=iq4_xs N=1280 K=2560 mean=160 max=280 groups=32 requested_j=0 median_us=2423.508301 sampled_rel2=0.00319120492 bit_differences=0
RESULT type=iq4_xs N=1280 K=2560 mean=160 max=280 groups=32 requested_j=16 median_us=3566.822510 sampled_rel2=0.00319120492 bit_differences=0
RESULT type=iq4_xs N=1280 K=2560 mean=160 max=280 groups=32 requested_j=32 median_us=2750.324707 sampled_rel2=0.00319120492 bit_differences=0
RESULT type=iq4_xs N=1280 K=2560 mean=160 max=280 groups=32 requested_j=48 median_us=3961.958984 sampled_rel2=0.00319120492 bit_differences=0
RESULT type=iq4_xs N=1280 K=2560 mean=160 max=280 groups=32 requested_j=64 median_us=2422.276367 sampled_rel2=0.00319120492 bit_differences=0
RESULT type=iq4_xs N=1280 K=2560 mean=160 max=280 groups=32 requested_j=auto median_us=2428.356445 sampled_rel2=0.00319120492 bit_differences=0
RESULT type=q2_0 N=2560 K=640 mean=5 max=8 groups=32 requested_j=0 median_us=193.408295 sampled_rel2=0.000881555239 bit_differences=0
RESULT type=q2_0 N=2560 K=640 mean=5 max=8 groups=32 requested_j=16 median_us=481.232788 sampled_rel2=0.000881555239 bit_differences=0
RESULT type=q2_0 N=2560 K=640 mean=5 max=8 groups=32 requested_j=32 median_us=572.192993 sampled_rel2=0.000881555239 bit_differences=0
RESULT type=q2_0 N=2560 K=640 mean=5 max=8 groups=32 requested_j=48 median_us=703.921326 sampled_rel2=0.000881555239 bit_differences=0
RESULT type=q2_0 N=2560 K=640 mean=5 max=8 groups=32 requested_j=64 median_us=902.321655 sampled_rel2=0.000881555239 bit_differences=0
RESULT type=q2_0 N=2560 K=640 mean=5 max=8 groups=32 requested_j=auto median_us=191.104309 sampled_rel2=0.000881555239 bit_differences=0
RESULT type=q2_0 N=2560 K=640 mean=20 max=35 groups=32 requested_j=0 median_us=680.913208 sampled_rel2=0.000947580448 bit_differences=0
RESULT type=q2_0 N=2560 K=640 mean=20 max=35 groups=32 requested_j=16 median_us=779.505371 sampled_rel2=0.000947580448 bit_differences=0
RESULT type=q2_0 N=2560 K=640 mean=20 max=35 groups=32 requested_j=32 median_us=627.537231 sampled_rel2=0.000947580448 bit_differences=0
RESULT type=q2_0 N=2560 K=640 mean=20 max=35 groups=32 requested_j=48 median_us=709.057312 sampled_rel2=0.000947580448 bit_differences=0
RESULT type=q2_0 N=2560 K=640 mean=20 max=35 groups=32 requested_j=64 median_us=907.953613 sampled_rel2=0.000947580448 bit_differences=0
RESULT type=q2_0 N=2560 K=640 mean=20 max=35 groups=32 requested_j=auto median_us=680.993225 sampled_rel2=0.000947580448 bit_differences=0
RESULT type=q2_0 N=2560 K=640 mean=40 max=70 groups=32 requested_j=0 median_us=929.217712 sampled_rel2=0.000928134728 bit_differences=0
RESULT type=q2_0 N=2560 K=640 mean=40 max=70 groups=32 requested_j=16 median_us=1305.922363 sampled_rel2=0.000928134728 bit_differences=0
RESULT type=q2_0 N=2560 K=640 mean=40 max=70 groups=32 requested_j=32 median_us=929.409668 sampled_rel2=0.000928134728 bit_differences=0
RESULT type=q2_0 N=2560 K=640 mean=40 max=70 groups=32 requested_j=48 median_us=969.841675 sampled_rel2=0.000928134728 bit_differences=0
RESULT type=q2_0 N=2560 K=640 mean=40 max=70 groups=32 requested_j=64 median_us=1010.145752 sampled_rel2=0.000928134728 bit_differences=0
RESULT type=q2_0 N=2560 K=640 mean=40 max=70 groups=32 requested_j=auto median_us=929.601562 sampled_rel2=0.000928134728 bit_differences=0
RESULT type=q2_0 N=2560 K=640 mean=80 max=140 groups=32 requested_j=0 median_us=1441.522583 sampled_rel2=0.000933166885 bit_differences=0
RESULT type=q2_0 N=2560 K=640 mean=80 max=140 groups=32 requested_j=16 median_us=2339.316162 sampled_rel2=0.000933166885 bit_differences=0
RESULT type=q2_0 N=2560 K=640 mean=80 max=140 groups=32 requested_j=32 median_us=1577.842773 sampled_rel2=0.000933166885 bit_differences=0
RESULT type=q2_0 N=2560 K=640 mean=80 max=140 groups=32 requested_j=48 median_us=1441.538574 sampled_rel2=0.000933166885 bit_differences=0
RESULT type=q2_0 N=2560 K=640 mean=80 max=140 groups=32 requested_j=64 median_us=1499.954712 sampled_rel2=0.000933166885 bit_differences=0
RESULT type=q2_0 N=2560 K=640 mean=80 max=140 groups=32 requested_j=auto median_us=1443.154663 sampled_rel2=0.000933166885 bit_differences=0
RESULT type=q2_0 N=2560 K=640 mean=160 max=280 groups=32 requested_j=0 median_us=2543.204590 sampled_rel2=0.000976168251 bit_differences=0
RESULT type=q2_0 N=2560 K=640 mean=160 max=280 groups=32 requested_j=16 median_us=4416.487793 sampled_rel2=0.000976168251 bit_differences=0
RESULT type=q2_0 N=2560 K=640 mean=160 max=280 groups=32 requested_j=32 median_us=2820.629150 sampled_rel2=0.000976168251 bit_differences=0
RESULT type=q2_0 N=2560 K=640 mean=160 max=280 groups=32 requested_j=48 median_us=2472.996338 sampled_rel2=0.000976168251 bit_differences=0
RESULT type=q2_0 N=2560 K=640 mean=160 max=280 groups=32 requested_j=64 median_us=2543.860596 sampled_rel2=0.000976168251 bit_differences=0
RESULT type=q2_0 N=2560 K=640 mean=160 max=280 groups=32 requested_j=auto median_us=2543.380615 sampled_rel2=0.000976168251 bit_differences=0
RESULT type=iq4_nl N=2560 K=640 mean=5 max=8 groups=32 requested_j=0 median_us=148.352295 sampled_rel2=0.00326002483 bit_differences=0
RESULT type=iq4_nl N=2560 K=640 mean=5 max=8 groups=32 requested_j=16 median_us=246.688385 sampled_rel2=0.00326002483 bit_differences=0
RESULT type=iq4_nl N=2560 K=640 mean=5 max=8 groups=32 requested_j=32 median_us=334.240601 sampled_rel2=0.00326002483 bit_differences=0
RESULT type=iq4_nl N=2560 K=640 mean=5 max=8 groups=32 requested_j=48 median_us=702.001282 sampled_rel2=0.00326002483 bit_differences=0
RESULT type=iq4_nl N=2560 K=640 mean=5 max=8 groups=32 requested_j=64 median_us=503.888885 sampled_rel2=0.00326002483 bit_differences=0
RESULT type=iq4_nl N=2560 K=640 mean=5 max=8 groups=32 requested_j=auto median_us=148.272293 sampled_rel2=0.00326002483 bit_differences=0
RESULT type=iq4_nl N=2560 K=640 mean=20 max=35 groups=32 requested_j=0 median_us=593.665100 sampled_rel2=0.00389188415 bit_differences=0
RESULT type=iq4_nl N=2560 K=640 mean=20 max=35 groups=32 requested_j=16 median_us=397.136688 sampled_rel2=0.00389188415 bit_differences=0
RESULT type=iq4_nl N=2560 K=640 mean=20 max=35 groups=32 requested_j=32 median_us=370.064606 sampled_rel2=0.00389188415 bit_differences=0
RESULT type=iq4_nl N=2560 K=640 mean=20 max=35 groups=32 requested_j=48 median_us=693.457214 sampled_rel2=0.00389188415 bit_differences=0
RESULT type=iq4_nl N=2560 K=640 mean=20 max=35 groups=32 requested_j=64 median_us=508.080902 sampled_rel2=0.00389188415 bit_differences=0
RESULT type=iq4_nl N=2560 K=640 mean=20 max=35 groups=32 requested_j=auto median_us=594.113098 sampled_rel2=0.00389188415 bit_differences=0
RESULT type=iq4_nl N=2560 K=640 mean=40 max=70 groups=32 requested_j=0 median_us=806.977539 sampled_rel2=0.00362880763 bit_differences=0
RESULT type=iq4_nl N=2560 K=640 mean=40 max=70 groups=32 requested_j=16 median_us=662.849182 sampled_rel2=0.00362880763 bit_differences=0
RESULT type=iq4_nl N=2560 K=640 mean=40 max=70 groups=32 requested_j=32 median_us=556.353027 sampled_rel2=0.00362880763 bit_differences=0
RESULT type=iq4_nl N=2560 K=640 mean=40 max=70 groups=32 requested_j=48 median_us=962.481812 sampled_rel2=0.00362880763 bit_differences=0
RESULT type=iq4_nl N=2560 K=640 mean=40 max=70 groups=32 requested_j=64 median_us=563.088989 sampled_rel2=0.00362880763 bit_differences=0
RESULT type=iq4_nl N=2560 K=640 mean=40 max=70 groups=32 requested_j=auto median_us=556.145020 sampled_rel2=0.00362880763 bit_differences=0
RESULT type=iq4_nl N=2560 K=640 mean=80 max=140 groups=32 requested_j=0 median_us=1402.178589 sampled_rel2=0.0039194607 bit_differences=0
RESULT type=iq4_nl N=2560 K=640 mean=80 max=140 groups=32 requested_j=16 median_us=1224.354248 sampled_rel2=0.0039194607 bit_differences=0
RESULT type=iq4_nl N=2560 K=640 mean=80 max=140 groups=32 requested_j=32 median_us=935.041687 sampled_rel2=0.0039194607 bit_differences=0
RESULT type=iq4_nl N=2560 K=640 mean=80 max=140 groups=32 requested_j=48 median_us=1401.506470 sampled_rel2=0.0039194607 bit_differences=0
RESULT type=iq4_nl N=2560 K=640 mean=80 max=140 groups=32 requested_j=64 median_us=847.393616 sampled_rel2=0.0039194607 bit_differences=0
RESULT type=iq4_nl N=2560 K=640 mean=80 max=140 groups=32 requested_j=auto median_us=847.393616 sampled_rel2=0.0039194607 bit_differences=0
RESULT type=iq4_nl N=2560 K=640 mean=160 max=280 groups=32 requested_j=0 median_us=1421.362549 sampled_rel2=0.00378468768 bit_differences=0
RESULT type=iq4_nl N=2560 K=640 mean=160 max=280 groups=32 requested_j=16 median_us=2271.156006 sampled_rel2=0.00378468768 bit_differences=0
RESULT type=iq4_nl N=2560 K=640 mean=160 max=280 groups=32 requested_j=32 median_us=1705.939331 sampled_rel2=0.00378468768 bit_differences=0
RESULT type=iq4_nl N=2560 K=640 mean=160 max=280 groups=32 requested_j=48 median_us=2413.268555 sampled_rel2=0.00378468768 bit_differences=0
RESULT type=iq4_nl N=2560 K=640 mean=160 max=280 groups=32 requested_j=64 median_us=1420.786621 sampled_rel2=0.00378468768 bit_differences=0
RESULT type=iq4_nl N=2560 K=640 mean=160 max=280 groups=32 requested_j=auto median_us=1421.154541 sampled_rel2=0.00378468768 bit_differences=0
PASS: full tile/control outputs + sampled CPU double oracle; not model parity or tok/s
