DEVICE ordinal=1 name=AMD Instinct MI50/MI60 arch=gfx906:sramecc+:xnack- wave=64
RESULT type=iq2_xxs N=1280 K=2560 mean=5 max=8 groups=32 requested_j=0 median_us=338.303101 sampled_rel2=0.0038976632 bit_differences=0
RESULT type=iq2_xxs N=1280 K=2560 mean=5 max=8 groups=32 requested_j=16 median_us=704.398010 sampled_rel2=0.0038976632 bit_differences=0
RESULT type=iq2_xxs N=1280 K=2560 mean=5 max=8 groups=32 requested_j=32 median_us=692.142212 sampled_rel2=0.0038976632 bit_differences=0
RESULT type=iq2_xxs N=1280 K=2560 mean=5 max=8 groups=32 requested_j=48 median_us=1330.447876 sampled_rel2=0.0038976632 bit_differences=0
RESULT type=iq2_xxs N=1280 K=2560 mean=5 max=8 groups=32 requested_j=64 median_us=1071.085205 sampled_rel2=0.0038976632 bit_differences=0
RESULT type=iq2_xxs N=1280 K=2560 mean=5 max=8 groups=32 requested_j=auto median_us=336.655304 sampled_rel2=0.0038976632 bit_differences=0
RESULT type=iq2_xxs N=1280 K=2560 mean=20 max=35 groups=32 requested_j=0 median_us=1148.845459 sampled_rel2=0.00340559906 bit_differences=0
RESULT type=iq2_xxs N=1280 K=2560 mean=20 max=35 groups=32 requested_j=16 median_us=1057.469604 sampled_rel2=0.00340559906 bit_differences=0
RESULT type=iq2_xxs N=1280 K=2560 mean=20 max=35 groups=32 requested_j=32 median_us=796.270203 sampled_rel2=0.00340559906 bit_differences=0
RESULT type=iq2_xxs N=1280 K=2560 mean=20 max=35 groups=32 requested_j=48 median_us=1330.237061 sampled_rel2=0.00340559906 bit_differences=0
RESULT type=iq2_xxs N=1280 K=2560 mean=20 max=35 groups=32 requested_j=64 median_us=1076.205688 sampled_rel2=0.00340559906 bit_differences=0
RESULT type=iq2_xxs N=1280 K=2560 mean=20 max=35 groups=32 requested_j=auto median_us=1149.469482 sampled_rel2=0.00340559906 bit_differences=0
RESULT type=iq2_xxs N=1280 K=2560 mean=40 max=70 groups=32 requested_j=0 median_us=1531.932617 sampled_rel2=0.00341852853 bit_differences=0
RESULT type=iq2_xxs N=1280 K=2560 mean=40 max=70 groups=32 requested_j=16 median_us=1784.284058 sampled_rel2=0.00341852853 bit_differences=0
RESULT type=iq2_xxs N=1280 K=2560 mean=40 max=70 groups=32 requested_j=32 median_us=1031.197876 sampled_rel2=0.00341852853 bit_differences=0
RESULT type=iq2_xxs N=1280 K=2560 mean=40 max=70 groups=32 requested_j=48 median_us=1773.996216 sampled_rel2=0.00341852853 bit_differences=0
RESULT type=iq2_xxs N=1280 K=2560 mean=40 max=70 groups=32 requested_j=64 median_us=1250.221191 sampled_rel2=0.00341852853 bit_differences=0
RESULT type=iq2_xxs N=1280 K=2560 mean=40 max=70 groups=32 requested_j=auto median_us=1031.277832 sampled_rel2=0.00341852853 bit_differences=0
RESULT type=iq2_xxs N=1280 K=2560 mean=80 max=140 groups=32 requested_j=0 median_us=2519.610596 sampled_rel2=0.00355018887 bit_differences=0
RESULT type=iq2_xxs N=1280 K=2560 mean=80 max=140 groups=32 requested_j=16 median_us=3082.809570 sampled_rel2=0.00355018887 bit_differences=0
RESULT type=iq2_xxs N=1280 K=2560 mean=80 max=140 groups=32 requested_j=32 median_us=1812.380005 sampled_rel2=0.00355018887 bit_differences=0
RESULT type=iq2_xxs N=1280 K=2560 mean=80 max=140 groups=32 requested_j=48 median_us=2522.410889 sampled_rel2=0.00355018887 bit_differences=0
RESULT type=iq2_xxs N=1280 K=2560 mean=80 max=140 groups=32 requested_j=64 median_us=1616.716553 sampled_rel2=0.00355018887 bit_differences=0
RESULT type=iq2_xxs N=1280 K=2560 mean=80 max=140 groups=32 requested_j=auto median_us=1615.948730 sampled_rel2=0.00355018887 bit_differences=0
RESULT type=iq2_xxs N=1280 K=2560 mean=160 max=280 groups=32 requested_j=0 median_us=2858.250000 sampled_rel2=0.00370653858 bit_differences=0
RESULT type=iq2_xxs N=1280 K=2560 mean=160 max=280 groups=32 requested_j=16 median_us=5705.188477 sampled_rel2=0.00370653858 bit_differences=0
RESULT type=iq2_xxs N=1280 K=2560 mean=160 max=280 groups=32 requested_j=32 median_us=3168.729492 sampled_rel2=0.00370653858 bit_differences=0
RESULT type=iq2_xxs N=1280 K=2560 mean=160 max=280 groups=32 requested_j=48 median_us=4326.359375 sampled_rel2=0.00370653858 bit_differences=0
RESULT type=iq2_xxs N=1280 K=2560 mean=160 max=280 groups=32 requested_j=64 median_us=2859.002197 sampled_rel2=0.00370653858 bit_differences=0
RESULT type=iq2_xxs N=1280 K=2560 mean=160 max=280 groups=32 requested_j=auto median_us=2859.162354 sampled_rel2=0.00370653858 bit_differences=0
RESULT type=iq2_xs N=1280 K=2560 mean=5 max=8 groups=32 requested_j=0 median_us=490.207001 sampled_rel2=0.00364966312 bit_differences=0
RESULT type=iq2_xs N=1280 K=2560 mean=5 max=8 groups=32 requested_j=16 median_us=845.870300 sampled_rel2=0.00364966312 bit_differences=0
RESULT type=iq2_xs N=1280 K=2560 mean=5 max=8 groups=32 requested_j=32 median_us=764.846497 sampled_rel2=0.00364966312 bit_differences=0
RESULT type=iq2_xs N=1280 K=2560 mean=5 max=8 groups=32 requested_j=48 median_us=1384.285156 sampled_rel2=0.00364966312 bit_differences=0
RESULT type=iq2_xs N=1280 K=2560 mean=5 max=8 groups=32 requested_j=64 median_us=1249.213623 sampled_rel2=0.00364966312 bit_differences=0
RESULT type=iq2_xs N=1280 K=2560 mean=5 max=8 groups=32 requested_j=auto median_us=490.383087 sampled_rel2=0.00364966312 bit_differences=0
RESULT type=iq2_xs N=1280 K=2560 mean=20 max=35 groups=32 requested_j=0 median_us=1182.093750 sampled_rel2=0.00380738437 bit_differences=0
RESULT type=iq2_xs N=1280 K=2560 mean=20 max=35 groups=32 requested_j=16 median_us=1265.709473 sampled_rel2=0.00380738437 bit_differences=0
RESULT type=iq2_xs N=1280 K=2560 mean=20 max=35 groups=32 requested_j=32 median_us=878.350159 sampled_rel2=0.00380738437 bit_differences=0
RESULT type=iq2_xs N=1280 K=2560 mean=20 max=35 groups=32 requested_j=48 median_us=1385.357178 sampled_rel2=0.00380738437 bit_differences=0
RESULT type=iq2_xs N=1280 K=2560 mean=20 max=35 groups=32 requested_j=64 median_us=1261.133545 sampled_rel2=0.00380738437 bit_differences=0
RESULT type=iq2_xs N=1280 K=2560 mean=20 max=35 groups=32 requested_j=auto median_us=1182.253784 sampled_rel2=0.00380738437 bit_differences=0
RESULT type=iq2_xs N=1280 K=2560 mean=40 max=70 groups=32 requested_j=0 median_us=1578.668823 sampled_rel2=0.00372733802 bit_differences=0
RESULT type=iq2_xs N=1280 K=2560 mean=40 max=70 groups=32 requested_j=16 median_us=2074.860107 sampled_rel2=0.00372733802 bit_differences=0
RESULT type=iq2_xs N=1280 K=2560 mean=40 max=70 groups=32 requested_j=32 median_us=1136.349731 sampled_rel2=0.00372733802 bit_differences=0
RESULT type=iq2_xs N=1280 K=2560 mean=40 max=70 groups=32 requested_j=48 median_us=1850.284424 sampled_rel2=0.00372733802 bit_differences=0
RESULT type=iq2_xs N=1280 K=2560 mean=40 max=70 groups=32 requested_j=64 median_us=1475.293213 sampled_rel2=0.00372733802 bit_differences=0
RESULT type=iq2_xs N=1280 K=2560 mean=40 max=70 groups=32 requested_j=auto median_us=1138.157837 sampled_rel2=0.00372733802 bit_differences=0
RESULT type=iq2_xs N=1280 K=2560 mean=80 max=140 groups=32 requested_j=0 median_us=2627.674805 sampled_rel2=0.00390053308 bit_differences=0
RESULT type=iq2_xs N=1280 K=2560 mean=80 max=140 groups=32 requested_j=16 median_us=3591.785156 sampled_rel2=0.00390053308 bit_differences=0
RESULT type=iq2_xs N=1280 K=2560 mean=80 max=140 groups=32 requested_j=32 median_us=1998.556152 sampled_rel2=0.00390053308 bit_differences=0
RESULT type=iq2_xs N=1280 K=2560 mean=80 max=140 groups=32 requested_j=48 median_us=2629.130859 sampled_rel2=0.00390053308 bit_differences=0
RESULT type=iq2_xs N=1280 K=2560 mean=80 max=140 groups=32 requested_j=64 median_us=1908.828369 sampled_rel2=0.00390053308 bit_differences=0
RESULT type=iq2_xs N=1280 K=2560 mean=80 max=140 groups=32 requested_j=auto median_us=1911.420410 sampled_rel2=0.00390053308 bit_differences=0
RESULT type=iq2_xs N=1280 K=2560 mean=160 max=280 groups=32 requested_j=0 median_us=3367.561768 sampled_rel2=0.00378136848 bit_differences=0
RESULT type=iq2_xs N=1280 K=2560 mean=160 max=280 groups=32 requested_j=16 median_us=6605.637207 sampled_rel2=0.00378136848 bit_differences=0
RESULT type=iq2_xs N=1280 K=2560 mean=160 max=280 groups=32 requested_j=32 median_us=3497.001709 sampled_rel2=0.00378136848 bit_differences=0
RESULT type=iq2_xs N=1280 K=2560 mean=160 max=280 groups=32 requested_j=48 median_us=4507.607422 sampled_rel2=0.00378136848 bit_differences=0
RESULT type=iq2_xs N=1280 K=2560 mean=160 max=280 groups=32 requested_j=64 median_us=3369.081543 sampled_rel2=0.00378136848 bit_differences=0
RESULT type=iq2_xs N=1280 K=2560 mean=160 max=280 groups=32 requested_j=auto median_us=3373.001465 sampled_rel2=0.00378136848 bit_differences=0
RESULT type=iq2_s N=1280 K=2560 mean=5 max=8 groups=32 requested_j=0 median_us=527.615051 sampled_rel2=0.00366905069 bit_differences=0
RESULT type=iq2_s N=1280 K=2560 mean=5 max=8 groups=32 requested_j=16 median_us=921.470276 sampled_rel2=0.00366905069 bit_differences=0
RESULT type=iq2_s N=1280 K=2560 mean=5 max=8 groups=32 requested_j=32 median_us=786.398499 sampled_rel2=0.00366905069 bit_differences=0
RESULT type=iq2_s N=1280 K=2560 mean=5 max=8 groups=32 requested_j=48 median_us=1410.221436 sampled_rel2=0.00366905069 bit_differences=0
RESULT type=iq2_s N=1280 K=2560 mean=5 max=8 groups=32 requested_j=64 median_us=1274.525635 sampled_rel2=0.00366905069 bit_differences=0
RESULT type=iq2_s N=1280 K=2560 mean=5 max=8 groups=32 requested_j=auto median_us=528.046997 sampled_rel2=0.00366905069 bit_differences=0
RESULT type=iq2_s N=1280 K=2560 mean=20 max=35 groups=32 requested_j=0 median_us=1204.077759 sampled_rel2=0.00386908367 bit_differences=0
RESULT type=iq2_s N=1280 K=2560 mean=20 max=35 groups=32 requested_j=16 median_us=1382.253418 sampled_rel2=0.00386908367 bit_differences=0
RESULT type=iq2_s N=1280 K=2560 mean=20 max=35 groups=32 requested_j=32 median_us=912.366394 sampled_rel2=0.00386908367 bit_differences=0
RESULT type=iq2_s N=1280 K=2560 mean=20 max=35 groups=32 requested_j=48 median_us=1411.181396 sampled_rel2=0.00386908367 bit_differences=0
RESULT type=iq2_s N=1280 K=2560 mean=20 max=35 groups=32 requested_j=64 median_us=1278.749634 sampled_rel2=0.00386908367 bit_differences=0
RESULT type=iq2_s N=1280 K=2560 mean=20 max=35 groups=32 requested_j=auto median_us=1204.525635 sampled_rel2=0.00386908367 bit_differences=0
RESULT type=iq2_s N=1280 K=2560 mean=40 max=70 groups=32 requested_j=0 median_us=1608.125122 sampled_rel2=0.00387264449 bit_differences=0
RESULT type=iq2_s N=1280 K=2560 mean=40 max=70 groups=32 requested_j=16 median_us=2369.947510 sampled_rel2=0.00387264449 bit_differences=0
RESULT type=iq2_s N=1280 K=2560 mean=40 max=70 groups=32 requested_j=32 median_us=1168.669922 sampled_rel2=0.00387264449 bit_differences=0
RESULT type=iq2_s N=1280 K=2560 mean=40 max=70 groups=32 requested_j=48 median_us=1885.516602 sampled_rel2=0.00387264449 bit_differences=0
RESULT type=iq2_s N=1280 K=2560 mean=40 max=70 groups=32 requested_j=64 median_us=1492.685303 sampled_rel2=0.00387264449 bit_differences=0
RESULT type=iq2_s N=1280 K=2560 mean=40 max=70 groups=32 requested_j=auto median_us=1169.117920 sampled_rel2=0.00387264449 bit_differences=0
RESULT type=iq2_s N=1280 K=2560 mean=80 max=140 groups=32 requested_j=0 median_us=2680.507324 sampled_rel2=0.00400592458 bit_differences=0
RESULT type=iq2_s N=1280 K=2560 mean=80 max=140 groups=32 requested_j=16 median_us=4015.432617 sampled_rel2=0.00400592458 bit_differences=0
RESULT type=iq2_s N=1280 K=2560 mean=80 max=140 groups=32 requested_j=32 median_us=2057.324463 sampled_rel2=0.00400592458 bit_differences=0
RESULT type=iq2_s N=1280 K=2560 mean=80 max=140 groups=32 requested_j=48 median_us=2681.563232 sampled_rel2=0.00400592458 bit_differences=0
RESULT type=iq2_s N=1280 K=2560 mean=80 max=140 groups=32 requested_j=64 median_us=1932.300415 sampled_rel2=0.00400592458 bit_differences=0
RESULT type=iq2_s N=1280 K=2560 mean=80 max=140 groups=32 requested_j=auto median_us=1932.812256 sampled_rel2=0.00400592458 bit_differences=0
RESULT type=iq2_s N=1280 K=2560 mean=160 max=280 groups=32 requested_j=0 median_us=3410.729980 sampled_rel2=0.00380072631 bit_differences=0
RESULT type=iq2_s N=1280 K=2560 mean=160 max=280 groups=32 requested_j=16 median_us=7342.083984 sampled_rel2=0.00380072631 bit_differences=0
RESULT type=iq2_s N=1280 K=2560 mean=160 max=280 groups=32 requested_j=32 median_us=3593.481445 sampled_rel2=0.00380072631 bit_differences=0
RESULT type=iq2_s N=1280 K=2560 mean=160 max=280 groups=32 requested_j=48 median_us=4601.111816 sampled_rel2=0.00380072631 bit_differences=0
RESULT type=iq2_s N=1280 K=2560 mean=160 max=280 groups=32 requested_j=64 median_us=3410.617920 sampled_rel2=0.00380072631 bit_differences=0
RESULT type=iq2_s N=1280 K=2560 mean=160 max=280 groups=32 requested_j=auto median_us=3412.313965 sampled_rel2=0.00380072631 bit_differences=0
RESULT type=iq3_xxs N=1280 K=2560 mean=5 max=8 groups=32 requested_j=0 median_us=338.191376 sampled_rel2=0.00377461745 bit_differences=0
RESULT type=iq3_xxs N=1280 K=2560 mean=5 max=8 groups=32 requested_j=16 median_us=774.670715 sampled_rel2=0.00377461745 bit_differences=0
RESULT type=iq3_xxs N=1280 K=2560 mean=5 max=8 groups=32 requested_j=32 median_us=715.902832 sampled_rel2=0.00377461745 bit_differences=0
RESULT type=iq3_xxs N=1280 K=2560 mean=5 max=8 groups=32 requested_j=48 median_us=1353.309570 sampled_rel2=0.00377461745 bit_differences=0
RESULT type=iq3_xxs N=1280 K=2560 mean=5 max=8 groups=32 requested_j=64 median_us=1186.285889 sampled_rel2=0.00377461745 bit_differences=0
RESULT type=iq3_xxs N=1280 K=2560 mean=5 max=8 groups=32 requested_j=auto median_us=338.335388 sampled_rel2=0.00377461745 bit_differences=0
RESULT type=iq3_xxs N=1280 K=2560 mean=20 max=35 groups=32 requested_j=0 median_us=1179.245850 sampled_rel2=0.00379653728 bit_differences=0
RESULT type=iq3_xxs N=1280 K=2560 mean=20 max=35 groups=32 requested_j=16 median_us=1175.358032 sampled_rel2=0.00379653728 bit_differences=0
RESULT type=iq3_xxs N=1280 K=2560 mean=20 max=35 groups=32 requested_j=32 median_us=831.694519 sampled_rel2=0.00379653728 bit_differences=0
RESULT type=iq3_xxs N=1280 K=2560 mean=20 max=35 groups=32 requested_j=48 median_us=1352.285522 sampled_rel2=0.00379653728 bit_differences=0
RESULT type=iq3_xxs N=1280 K=2560 mean=20 max=35 groups=32 requested_j=64 median_us=1193.453857 sampled_rel2=0.00379653728 bit_differences=0
RESULT type=iq3_xxs N=1280 K=2560 mean=20 max=35 groups=32 requested_j=auto median_us=1181.213867 sampled_rel2=0.00379653728 bit_differences=0
RESULT type=iq3_xxs N=1280 K=2560 mean=40 max=70 groups=32 requested_j=0 median_us=1575.165161 sampled_rel2=0.00382093376 bit_differences=0
RESULT type=iq3_xxs N=1280 K=2560 mean=40 max=70 groups=32 requested_j=16 median_us=2065.820312 sampled_rel2=0.00382093376 bit_differences=0
RESULT type=iq3_xxs N=1280 K=2560 mean=40 max=70 groups=32 requested_j=32 median_us=1110.462036 sampled_rel2=0.00382093376 bit_differences=0
RESULT type=iq3_xxs N=1280 K=2560 mean=40 max=70 groups=32 requested_j=48 median_us=1804.412842 sampled_rel2=0.00382093376 bit_differences=0
RESULT type=iq3_xxs N=1280 K=2560 mean=40 max=70 groups=32 requested_j=64 median_us=1393.581543 sampled_rel2=0.00382093376 bit_differences=0
RESULT type=iq3_xxs N=1280 K=2560 mean=40 max=70 groups=32 requested_j=auto median_us=1111.037964 sampled_rel2=0.00382093376 bit_differences=0
RESULT type=iq3_xxs N=1280 K=2560 mean=80 max=140 groups=32 requested_j=0 median_us=2569.723633 sampled_rel2=0.0040455994 bit_differences=0
RESULT type=iq3_xxs N=1280 K=2560 mean=80 max=140 groups=32 requested_j=16 median_us=3536.601562 sampled_rel2=0.0040455994 bit_differences=0
RESULT type=iq3_xxs N=1280 K=2560 mean=80 max=140 groups=32 requested_j=32 median_us=1910.444824 sampled_rel2=0.0040455994 bit_differences=0
RESULT type=iq3_xxs N=1280 K=2560 mean=80 max=140 groups=32 requested_j=48 median_us=2569.979736 sampled_rel2=0.0040455994 bit_differences=0
RESULT type=iq3_xxs N=1280 K=2560 mean=80 max=140 groups=32 requested_j=64 median_us=1810.556763 sampled_rel2=0.0040455994 bit_differences=0
RESULT type=iq3_xxs N=1280 K=2560 mean=80 max=140 groups=32 requested_j=auto median_us=1809.372681 sampled_rel2=0.0040455994 bit_differences=0
RESULT type=iq3_xxs N=1280 K=2560 mean=160 max=280 groups=32 requested_j=0 median_us=3203.370361 sampled_rel2=0.00378812554 bit_differences=0
RESULT type=iq3_xxs N=1280 K=2560 mean=160 max=280 groups=32 requested_j=16 median_us=6291.700684 sampled_rel2=0.00378812554 bit_differences=0
RESULT type=iq3_xxs N=1280 K=2560 mean=160 max=280 groups=32 requested_j=32 median_us=3344.778076 sampled_rel2=0.00378812554 bit_differences=0
RESULT type=iq3_xxs N=1280 K=2560 mean=160 max=280 groups=32 requested_j=48 median_us=4414.824219 sampled_rel2=0.00378812554 bit_differences=0
RESULT type=iq3_xxs N=1280 K=2560 mean=160 max=280 groups=32 requested_j=64 median_us=3202.714600 sampled_rel2=0.00378812554 bit_differences=0
RESULT type=iq3_xxs N=1280 K=2560 mean=160 max=280 groups=32 requested_j=auto median_us=3202.650391 sampled_rel2=0.00378812554 bit_differences=0
RESULT type=iq3_s N=1280 K=2560 mean=5 max=8 groups=32 requested_j=0 median_us=350.447388 sampled_rel2=0.00393585674 bit_differences=0
RESULT type=iq3_s N=1280 K=2560 mean=5 max=8 groups=32 requested_j=16 median_us=805.150696 sampled_rel2=0.00393585674 bit_differences=0
RESULT type=iq3_s N=1280 K=2560 mean=5 max=8 groups=32 requested_j=32 median_us=725.502808 sampled_rel2=0.00393585674 bit_differences=0
RESULT type=iq3_s N=1280 K=2560 mean=5 max=8 groups=32 requested_j=48 median_us=1364.781616 sampled_rel2=0.00393585674 bit_differences=0
RESULT type=iq3_s N=1280 K=2560 mean=5 max=8 groups=32 requested_j=64 median_us=1079.486084 sampled_rel2=0.00393585674 bit_differences=0
RESULT type=iq3_s N=1280 K=2560 mean=5 max=8 groups=32 requested_j=auto median_us=350.639404 sampled_rel2=0.00393585674 bit_differences=0
RESULT type=iq3_s N=1280 K=2560 mean=20 max=35 groups=32 requested_j=0 median_us=1190.830078 sampled_rel2=0.0037135322 bit_differences=0
RESULT type=iq3_s N=1280 K=2560 mean=20 max=35 groups=32 requested_j=16 median_us=1235.853882 sampled_rel2=0.0037135322 bit_differences=0
RESULT type=iq3_s N=1280 K=2560 mean=20 max=35 groups=32 requested_j=32 median_us=845.294495 sampled_rel2=0.0037135322 bit_differences=0
RESULT type=iq3_s N=1280 K=2560 mean=20 max=35 groups=32 requested_j=48 median_us=1364.541748 sampled_rel2=0.0037135322 bit_differences=0
RESULT type=iq3_s N=1280 K=2560 mean=20 max=35 groups=32 requested_j=64 median_us=1073.774170 sampled_rel2=0.0037135322 bit_differences=0
RESULT type=iq3_s N=1280 K=2560 mean=20 max=35 groups=32 requested_j=auto median_us=1193.645996 sampled_rel2=0.0037135322 bit_differences=0
RESULT type=iq3_s N=1280 K=2560 mean=40 max=70 groups=32 requested_j=0 median_us=1581.053223 sampled_rel2=0.00361285654 bit_differences=0
RESULT type=iq3_s N=1280 K=2560 mean=40 max=70 groups=32 requested_j=16 median_us=2117.036377 sampled_rel2=0.00361285654 bit_differences=0
RESULT type=iq3_s N=1280 K=2560 mean=40 max=70 groups=32 requested_j=32 median_us=1096.318115 sampled_rel2=0.00361285654 bit_differences=0
RESULT type=iq3_s N=1280 K=2560 mean=40 max=70 groups=32 requested_j=48 median_us=1824.940918 sampled_rel2=0.00361285654 bit_differences=0
RESULT type=iq3_s N=1280 K=2560 mean=40 max=70 groups=32 requested_j=64 median_us=1261.997925 sampled_rel2=0.00361285654 bit_differences=0
RESULT type=iq3_s N=1280 K=2560 mean=40 max=70 groups=32 requested_j=auto median_us=1097.342163 sampled_rel2=0.00361285654 bit_differences=0
RESULT type=iq3_s N=1280 K=2560 mean=80 max=140 groups=32 requested_j=0 median_us=2601.499512 sampled_rel2=0.00401726041 bit_differences=0
RESULT type=iq3_s N=1280 K=2560 mean=80 max=140 groups=32 requested_j=16 median_us=3607.593994 sampled_rel2=0.00401726041 bit_differences=0
RESULT type=iq3_s N=1280 K=2560 mean=80 max=140 groups=32 requested_j=32 median_us=1942.508911 sampled_rel2=0.00401726041 bit_differences=0
RESULT type=iq3_s N=1280 K=2560 mean=80 max=140 groups=32 requested_j=48 median_us=2601.851562 sampled_rel2=0.00401726041 bit_differences=0
RESULT type=iq3_s N=1280 K=2560 mean=80 max=140 groups=32 requested_j=64 median_us=1599.853271 sampled_rel2=0.00401726041 bit_differences=0
RESULT type=iq3_s N=1280 K=2560 mean=80 max=140 groups=32 requested_j=auto median_us=1599.917358 sampled_rel2=0.00401726041 bit_differences=0
RESULT type=iq3_s N=1280 K=2560 mean=160 max=280 groups=32 requested_j=0 median_us=2834.427246 sampled_rel2=0.00377773553 bit_differences=0
RESULT type=iq3_s N=1280 K=2560 mean=160 max=280 groups=32 requested_j=16 median_us=6459.573242 sampled_rel2=0.00377773553 bit_differences=0
RESULT type=iq3_s N=1280 K=2560 mean=160 max=280 groups=32 requested_j=32 median_us=3402.538330 sampled_rel2=0.00377773553 bit_differences=0
RESULT type=iq3_s N=1280 K=2560 mean=160 max=280 groups=32 requested_j=48 median_us=4470.632324 sampled_rel2=0.00377773553 bit_differences=0
RESULT type=iq3_s N=1280 K=2560 mean=160 max=280 groups=32 requested_j=64 median_us=2834.267334 sampled_rel2=0.00377773553 bit_differences=0
RESULT type=iq3_s N=1280 K=2560 mean=160 max=280 groups=32 requested_j=auto median_us=2834.635254 sampled_rel2=0.00377773553 bit_differences=0
RESULT type=iq4_xs N=1280 K=2560 mean=5 max=8 groups=32 requested_j=0 median_us=247.231506 sampled_rel2=0.00320237238 bit_differences=0
RESULT type=iq4_xs N=1280 K=2560 mean=5 max=8 groups=32 requested_j=16 median_us=441.135315 sampled_rel2=0.00320237238 bit_differences=0
RESULT type=iq4_xs N=1280 K=2560 mean=5 max=8 groups=32 requested_j=32 median_us=586.767029 sampled_rel2=0.00320237238 bit_differences=0
RESULT type=iq4_xs N=1280 K=2560 mean=5 max=8 groups=32 requested_j=48 median_us=1263.725830 sampled_rel2=0.00320237238 bit_differences=0
RESULT type=iq4_xs N=1280 K=2560 mean=5 max=8 groups=32 requested_j=64 median_us=908.446533 sampled_rel2=0.00320237238 bit_differences=0
RESULT type=iq4_xs N=1280 K=2560 mean=5 max=8 groups=32 requested_j=auto median_us=247.407608 sampled_rel2=0.00320237238 bit_differences=0
RESULT type=iq4_xs N=1280 K=2560 mean=20 max=35 groups=32 requested_j=0 median_us=1055.790283 sampled_rel2=0.00300552345 bit_differences=0
RESULT type=iq4_xs N=1280 K=2560 mean=20 max=35 groups=32 requested_j=16 median_us=635.854919 sampled_rel2=0.00300552345 bit_differences=0
RESULT type=iq4_xs N=1280 K=2560 mean=20 max=35 groups=32 requested_j=32 median_us=679.326843 sampled_rel2=0.00300552345 bit_differences=0
RESULT type=iq4_xs N=1280 K=2560 mean=20 max=35 groups=32 requested_j=48 median_us=1254.349854 sampled_rel2=0.00300552345 bit_differences=0
RESULT type=iq4_xs N=1280 K=2560 mean=20 max=35 groups=32 requested_j=64 median_us=909.406494 sampled_rel2=0.00300552345 bit_differences=0
RESULT type=iq4_xs N=1280 K=2560 mean=20 max=35 groups=32 requested_j=auto median_us=1055.342163 sampled_rel2=0.00300552345 bit_differences=0
RESULT type=iq4_xs N=1280 K=2560 mean=40 max=70 groups=32 requested_j=0 median_us=1403.501709 sampled_rel2=0.00319308024 bit_differences=0
RESULT type=iq4_xs N=1280 K=2560 mean=40 max=70 groups=32 requested_j=16 median_us=1110.910278 sampled_rel2=0.00319308024 bit_differences=0
RESULT type=iq4_xs N=1280 K=2560 mean=40 max=70 groups=32 requested_j=32 median_us=879.262634 sampled_rel2=0.00319308024 bit_differences=0
RESULT type=iq4_xs N=1280 K=2560 mean=40 max=70 groups=32 requested_j=48 median_us=1673.325317 sampled_rel2=0.00319308024 bit_differences=0
RESULT type=iq4_xs N=1280 K=2560 mean=40 max=70 groups=32 requested_j=64 median_us=1042.942383 sampled_rel2=0.00319308024 bit_differences=0
RESULT type=iq4_xs N=1280 K=2560 mean=40 max=70 groups=32 requested_j=auto median_us=879.934570 sampled_rel2=0.00319308024 bit_differences=0
RESULT type=iq4_xs N=1280 K=2560 mean=80 max=140 groups=32 requested_j=0 median_us=2306.780273 sampled_rel2=0.00331640971 bit_differences=0
RESULT type=iq4_xs N=1280 K=2560 mean=80 max=140 groups=32 requested_j=16 median_us=1993.996826 sampled_rel2=0.00331640971 bit_differences=0
RESULT type=iq4_xs N=1280 K=2560 mean=80 max=140 groups=32 requested_j=32 median_us=1543.581421 sampled_rel2=0.00331640971 bit_differences=0
RESULT type=iq4_xs N=1280 K=2560 mean=80 max=140 groups=32 requested_j=48 median_us=2307.676025 sampled_rel2=0.00331640971 bit_differences=0
RESULT type=iq4_xs N=1280 K=2560 mean=80 max=140 groups=32 requested_j=64 median_us=1354.861816 sampled_rel2=0.00331640971 bit_differences=0
RESULT type=iq4_xs N=1280 K=2560 mean=80 max=140 groups=32 requested_j=auto median_us=1355.437744 sampled_rel2=0.00331640971 bit_differences=0
RESULT type=iq4_xs N=1280 K=2560 mean=160 max=280 groups=32 requested_j=0 median_us=2431.100098 sampled_rel2=0.00319120492 bit_differences=0
RESULT type=iq4_xs N=1280 K=2560 mean=160 max=280 groups=32 requested_j=16 median_us=3570.442627 sampled_rel2=0.00319120492 bit_differences=0
RESULT type=iq4_xs N=1280 K=2560 mean=160 max=280 groups=32 requested_j=32 median_us=2753.755615 sampled_rel2=0.00319120492 bit_differences=0
RESULT type=iq4_xs N=1280 K=2560 mean=160 max=280 groups=32 requested_j=48 median_us=3973.273438 sampled_rel2=0.00319120492 bit_differences=0
RESULT type=iq4_xs N=1280 K=2560 mean=160 max=280 groups=32 requested_j=64 median_us=2431.468018 sampled_rel2=0.00319120492 bit_differences=0
RESULT type=iq4_xs N=1280 K=2560 mean=160 max=280 groups=32 requested_j=auto median_us=2433.676025 sampled_rel2=0.00319120492 bit_differences=0
RESULT type=q2_0 N=2560 K=640 mean=5 max=8 groups=32 requested_j=0 median_us=192.575699 sampled_rel2=0.000881555239 bit_differences=0
RESULT type=q2_0 N=2560 K=640 mean=5 max=8 groups=32 requested_j=16 median_us=479.503204 sampled_rel2=0.000881555239 bit_differences=0
RESULT type=q2_0 N=2560 K=640 mean=5 max=8 groups=32 requested_j=32 median_us=571.182983 sampled_rel2=0.000881555239 bit_differences=0
RESULT type=q2_0 N=2560 K=640 mean=5 max=8 groups=32 requested_j=48 median_us=704.958923 sampled_rel2=0.000881555239 bit_differences=0
RESULT type=q2_0 N=2560 K=640 mean=5 max=8 groups=32 requested_j=64 median_us=904.414490 sampled_rel2=0.000881555239 bit_differences=0
RESULT type=q2_0 N=2560 K=640 mean=5 max=8 groups=32 requested_j=auto median_us=191.391693 sampled_rel2=0.000881555239 bit_differences=0
RESULT type=q2_0 N=2560 K=640 mean=20 max=35 groups=32 requested_j=0 median_us=682.366882 sampled_rel2=0.000947580448 bit_differences=0
RESULT type=q2_0 N=2560 K=640 mean=20 max=35 groups=32 requested_j=16 median_us=779.054810 sampled_rel2=0.000947580448 bit_differences=0
RESULT type=q2_0 N=2560 K=640 mean=20 max=35 groups=32 requested_j=32 median_us=628.846985 sampled_rel2=0.000947580448 bit_differences=0
RESULT type=q2_0 N=2560 K=640 mean=20 max=35 groups=32 requested_j=48 median_us=710.542847 sampled_rel2=0.000947580448 bit_differences=0
RESULT type=q2_0 N=2560 K=640 mean=20 max=35 groups=32 requested_j=64 median_us=909.886475 sampled_rel2=0.000947580448 bit_differences=0
RESULT type=q2_0 N=2560 K=640 mean=20 max=35 groups=32 requested_j=auto median_us=682.462891 sampled_rel2=0.000947580448 bit_differences=0
RESULT type=q2_0 N=2560 K=640 mean=40 max=70 groups=32 requested_j=0 median_us=930.318542 sampled_rel2=0.000928134728 bit_differences=0
RESULT type=q2_0 N=2560 K=640 mean=40 max=70 groups=32 requested_j=16 median_us=1305.085938 sampled_rel2=0.000928134728 bit_differences=0
RESULT type=q2_0 N=2560 K=640 mean=40 max=70 groups=32 requested_j=32 median_us=930.462463 sampled_rel2=0.000928134728 bit_differences=0
RESULT type=q2_0 N=2560 K=640 mean=40 max=70 groups=32 requested_j=48 median_us=971.758484 sampled_rel2=0.000928134728 bit_differences=0
RESULT type=q2_0 N=2560 K=640 mean=40 max=70 groups=32 requested_j=64 median_us=1012.510315 sampled_rel2=0.000928134728 bit_differences=0
RESULT type=q2_0 N=2560 K=640 mean=40 max=70 groups=32 requested_j=auto median_us=930.766479 sampled_rel2=0.000928134728 bit_differences=0
RESULT type=q2_0 N=2560 K=640 mean=80 max=140 groups=32 requested_j=0 median_us=1446.061768 sampled_rel2=0.000933166885 bit_differences=0
RESULT type=q2_0 N=2560 K=640 mean=80 max=140 groups=32 requested_j=16 median_us=2338.396240 sampled_rel2=0.000933166885 bit_differences=0
RESULT type=q2_0 N=2560 K=640 mean=80 max=140 groups=32 requested_j=32 median_us=1580.829468 sampled_rel2=0.000933166885 bit_differences=0
RESULT type=q2_0 N=2560 K=640 mean=80 max=140 groups=32 requested_j=48 median_us=1447.053711 sampled_rel2=0.000933166885 bit_differences=0
RESULT type=q2_0 N=2560 K=640 mean=80 max=140 groups=32 requested_j=64 median_us=1502.845581 sampled_rel2=0.000933166885 bit_differences=0
RESULT type=q2_0 N=2560 K=640 mean=80 max=140 groups=32 requested_j=auto median_us=1445.037720 sampled_rel2=0.000933166885 bit_differences=0
RESULT type=q2_0 N=2560 K=640 mean=160 max=280 groups=32 requested_j=0 median_us=2548.555908 sampled_rel2=0.000976168251 bit_differences=0
RESULT type=q2_0 N=2560 K=640 mean=160 max=280 groups=32 requested_j=16 median_us=4413.176758 sampled_rel2=0.000976168251 bit_differences=0
RESULT type=q2_0 N=2560 K=640 mean=160 max=280 groups=32 requested_j=32 median_us=2823.915771 sampled_rel2=0.000976168251 bit_differences=0
RESULT type=q2_0 N=2560 K=640 mean=160 max=280 groups=32 requested_j=48 median_us=2477.868164 sampled_rel2=0.000976168251 bit_differences=0
RESULT type=q2_0 N=2560 K=640 mean=160 max=280 groups=32 requested_j=64 median_us=2548.907959 sampled_rel2=0.000976168251 bit_differences=0
RESULT type=q2_0 N=2560 K=640 mean=160 max=280 groups=32 requested_j=auto median_us=2548.667969 sampled_rel2=0.000976168251 bit_differences=0
RESULT type=iq4_nl N=2560 K=640 mean=5 max=8 groups=32 requested_j=0 median_us=147.807709 sampled_rel2=0.00326002483 bit_differences=0
RESULT type=iq4_nl N=2560 K=640 mean=5 max=8 groups=32 requested_j=16 median_us=248.831604 sampled_rel2=0.00326002483 bit_differences=0
RESULT type=iq4_nl N=2560 K=640 mean=5 max=8 groups=32 requested_j=32 median_us=335.535492 sampled_rel2=0.00326002483 bit_differences=0
RESULT type=iq4_nl N=2560 K=640 mean=5 max=8 groups=32 requested_j=48 median_us=704.430908 sampled_rel2=0.00326002483 bit_differences=0
RESULT type=iq4_nl N=2560 K=640 mean=5 max=8 groups=32 requested_j=64 median_us=506.159210 sampled_rel2=0.00326002483 bit_differences=0
RESULT type=iq4_nl N=2560 K=640 mean=5 max=8 groups=32 requested_j=auto median_us=147.871811 sampled_rel2=0.00326002483 bit_differences=0
RESULT type=iq4_nl N=2560 K=640 mean=20 max=35 groups=32 requested_j=0 median_us=596.463013 sampled_rel2=0.00389188415 bit_differences=0
RESULT type=iq4_nl N=2560 K=640 mean=20 max=35 groups=32 requested_j=16 median_us=397.663391 sampled_rel2=0.00389188415 bit_differences=0
RESULT type=iq4_nl N=2560 K=640 mean=20 max=35 groups=32 requested_j=32 median_us=371.295410 sampled_rel2=0.00389188415 bit_differences=0
RESULT type=iq4_nl N=2560 K=640 mean=20 max=35 groups=32 requested_j=48 median_us=696.830872 sampled_rel2=0.00389188415 bit_differences=0
RESULT type=iq4_nl N=2560 K=640 mean=20 max=35 groups=32 requested_j=64 median_us=508.831207 sampled_rel2=0.00389188415 bit_differences=0
RESULT type=iq4_nl N=2560 K=640 mean=20 max=35 groups=32 requested_j=auto median_us=596.622986 sampled_rel2=0.00389188415 bit_differences=0
RESULT type=iq4_nl N=2560 K=640 mean=40 max=70 groups=32 requested_j=0 median_us=808.334717 sampled_rel2=0.00362880763 bit_differences=0
RESULT type=iq4_nl N=2560 K=640 mean=40 max=70 groups=32 requested_j=16 median_us=663.118958 sampled_rel2=0.00362880763 bit_differences=0
RESULT type=iq4_nl N=2560 K=640 mean=40 max=70 groups=32 requested_j=32 median_us=557.743225 sampled_rel2=0.00362880763 bit_differences=0
RESULT type=iq4_nl N=2560 K=640 mean=40 max=70 groups=32 requested_j=48 median_us=961.838501 sampled_rel2=0.00362880763 bit_differences=0
RESULT type=iq4_nl N=2560 K=640 mean=40 max=70 groups=32 requested_j=64 median_us=564.623108 sampled_rel2=0.00362880763 bit_differences=0
RESULT type=iq4_nl N=2560 K=640 mean=40 max=70 groups=32 requested_j=auto median_us=557.599121 sampled_rel2=0.00362880763 bit_differences=0
RESULT type=iq4_nl N=2560 K=640 mean=80 max=140 groups=32 requested_j=0 median_us=1404.429810 sampled_rel2=0.0039194607 bit_differences=0
RESULT type=iq4_nl N=2560 K=640 mean=80 max=140 groups=32 requested_j=16 median_us=1222.414062 sampled_rel2=0.0039194607 bit_differences=0
RESULT type=iq4_nl N=2560 K=640 mean=80 max=140 groups=32 requested_j=32 median_us=937.070435 sampled_rel2=0.0039194607 bit_differences=0
RESULT type=iq4_nl N=2560 K=640 mean=80 max=140 groups=32 requested_j=48 median_us=1405.725708 sampled_rel2=0.0039194607 bit_differences=0
RESULT type=iq4_nl N=2560 K=640 mean=80 max=140 groups=32 requested_j=64 median_us=850.510681 sampled_rel2=0.0039194607 bit_differences=0
RESULT type=iq4_nl N=2560 K=640 mean=80 max=140 groups=32 requested_j=auto median_us=850.430664 sampled_rel2=0.0039194607 bit_differences=0
RESULT type=iq4_nl N=2560 K=640 mean=160 max=280 groups=32 requested_j=0 median_us=1426.173828 sampled_rel2=0.00378468768 bit_differences=0
RESULT type=iq4_nl N=2560 K=640 mean=160 max=280 groups=32 requested_j=16 median_us=2271.228516 sampled_rel2=0.00378468768 bit_differences=0
RESULT type=iq4_nl N=2560 K=640 mean=160 max=280 groups=32 requested_j=32 median_us=1708.189209 sampled_rel2=0.00378468768 bit_differences=0
RESULT type=iq4_nl N=2560 K=640 mean=160 max=280 groups=32 requested_j=48 median_us=2418.379883 sampled_rel2=0.00378468768 bit_differences=0
RESULT type=iq4_nl N=2560 K=640 mean=160 max=280 groups=32 requested_j=64 median_us=1426.413696 sampled_rel2=0.00378468768 bit_differences=0
RESULT type=iq4_nl N=2560 K=640 mean=160 max=280 groups=32 requested_j=auto median_us=1427.037720 sampled_rel2=0.00378468768 bit_differences=0
PASS: full tile/control outputs + sampled CPU double oracle; not model parity or tok/s
