DEVICE ordinal=0 name=AMD Instinct MI50/MI60 arch=gfx906:sramecc+:xnack- wave=64
RESULT type=iq2_xxs N=1280 K=2560 mean=5 max=8 groups=32 requested_j=0 median_us=0.000000 sampled_rel2=0.0038976632 bit_differences=0
RESULT type=iq2_xxs N=1280 K=2560 mean=5 max=8 groups=32 requested_j=16 median_us=0.000000 sampled_rel2=0.0038976632 bit_differences=0
RESULT type=iq2_xxs N=1280 K=2560 mean=5 max=8 groups=32 requested_j=32 median_us=0.000000 sampled_rel2=0.0038976632 bit_differences=0
RESULT type=iq2_xxs N=1280 K=2560 mean=5 max=8 groups=32 requested_j=48 median_us=0.000000 sampled_rel2=0.0038976632 bit_differences=0
RESULT type=iq2_xxs N=1280 K=2560 mean=5 max=8 groups=32 requested_j=64 median_us=0.000000 sampled_rel2=0.0038976632 bit_differences=0
RESULT type=iq2_xxs N=1280 K=2560 mean=5 max=8 groups=32 requested_j=auto median_us=0.000000 sampled_rel2=0.0038976632 bit_differences=0
RESULT type=iq2_xxs N=1280 K=2560 mean=20 max=35 groups=32 requested_j=0 median_us=0.000000 sampled_rel2=0.00340559906 bit_differences=0
RESULT type=iq2_xxs N=1280 K=2560 mean=20 max=35 groups=32 requested_j=16 median_us=0.000000 sampled_rel2=0.00340559906 bit_differences=0
RESULT type=iq2_xxs N=1280 K=2560 mean=20 max=35 groups=32 requested_j=32 median_us=0.000000 sampled_rel2=0.00340559906 bit_differences=0
RESULT type=iq2_xxs N=1280 K=2560 mean=20 max=35 groups=32 requested_j=48 median_us=0.000000 sampled_rel2=0.00340559906 bit_differences=0
RESULT type=iq2_xxs N=1280 K=2560 mean=20 max=35 groups=32 requested_j=64 median_us=0.000000 sampled_rel2=0.00340559906 bit_differences=0
RESULT type=iq2_xxs N=1280 K=2560 mean=20 max=35 groups=32 requested_j=auto median_us=0.000000 sampled_rel2=0.00340559906 bit_differences=0
RESULT type=iq2_xxs N=1280 K=2560 mean=40 max=70 groups=32 requested_j=0 median_us=0.000000 sampled_rel2=0.00341852853 bit_differences=0
RESULT type=iq2_xxs N=1280 K=2560 mean=40 max=70 groups=32 requested_j=16 median_us=0.000000 sampled_rel2=0.00341852853 bit_differences=0
RESULT type=iq2_xxs N=1280 K=2560 mean=40 max=70 groups=32 requested_j=32 median_us=0.000000 sampled_rel2=0.00341852853 bit_differences=0
RESULT type=iq2_xxs N=1280 K=2560 mean=40 max=70 groups=32 requested_j=48 median_us=0.000000 sampled_rel2=0.00341852853 bit_differences=0
RESULT type=iq2_xxs N=1280 K=2560 mean=40 max=70 groups=32 requested_j=64 median_us=0.000000 sampled_rel2=0.00341852853 bit_differences=0
RESULT type=iq2_xxs N=1280 K=2560 mean=40 max=70 groups=32 requested_j=auto median_us=0.000000 sampled_rel2=0.00341852853 bit_differences=0
RESULT type=iq2_xxs N=1280 K=2560 mean=80 max=140 groups=32 requested_j=0 median_us=0.000000 sampled_rel2=0.00355018887 bit_differences=0
RESULT type=iq2_xxs N=1280 K=2560 mean=80 max=140 groups=32 requested_j=16 median_us=0.000000 sampled_rel2=0.00355018887 bit_differences=0
RESULT type=iq2_xxs N=1280 K=2560 mean=80 max=140 groups=32 requested_j=32 median_us=0.000000 sampled_rel2=0.00355018887 bit_differences=0
RESULT type=iq2_xxs N=1280 K=2560 mean=80 max=140 groups=32 requested_j=48 median_us=0.000000 sampled_rel2=0.00355018887 bit_differences=0
RESULT type=iq2_xxs N=1280 K=2560 mean=80 max=140 groups=32 requested_j=64 median_us=0.000000 sampled_rel2=0.00355018887 bit_differences=0
RESULT type=iq2_xxs N=1280 K=2560 mean=80 max=140 groups=32 requested_j=auto median_us=0.000000 sampled_rel2=0.00355018887 bit_differences=0
RESULT type=iq2_xxs N=1280 K=2560 mean=160 max=280 groups=32 requested_j=0 median_us=0.000000 sampled_rel2=0.00370653858 bit_differences=0
RESULT type=iq2_xxs N=1280 K=2560 mean=160 max=280 groups=32 requested_j=16 median_us=0.000000 sampled_rel2=0.00370653858 bit_differences=0
RESULT type=iq2_xxs N=1280 K=2560 mean=160 max=280 groups=32 requested_j=32 median_us=0.000000 sampled_rel2=0.00370653858 bit_differences=0
RESULT type=iq2_xxs N=1280 K=2560 mean=160 max=280 groups=32 requested_j=48 median_us=0.000000 sampled_rel2=0.00370653858 bit_differences=0
RESULT type=iq2_xxs N=1280 K=2560 mean=160 max=280 groups=32 requested_j=64 median_us=0.000000 sampled_rel2=0.00370653858 bit_differences=0
RESULT type=iq2_xxs N=1280 K=2560 mean=160 max=280 groups=32 requested_j=auto median_us=0.000000 sampled_rel2=0.00370653858 bit_differences=0
RESULT type=iq2_xs N=1280 K=2560 mean=5 max=8 groups=32 requested_j=0 median_us=0.000000 sampled_rel2=0.00364966312 bit_differences=0
RESULT type=iq2_xs N=1280 K=2560 mean=5 max=8 groups=32 requested_j=16 median_us=0.000000 sampled_rel2=0.00364966312 bit_differences=0
RESULT type=iq2_xs N=1280 K=2560 mean=5 max=8 groups=32 requested_j=32 median_us=0.000000 sampled_rel2=0.00364966312 bit_differences=0
RESULT type=iq2_xs N=1280 K=2560 mean=5 max=8 groups=32 requested_j=48 median_us=0.000000 sampled_rel2=0.00364966312 bit_differences=0
RESULT type=iq2_xs N=1280 K=2560 mean=5 max=8 groups=32 requested_j=64 median_us=0.000000 sampled_rel2=0.00364966312 bit_differences=0
RESULT type=iq2_xs N=1280 K=2560 mean=5 max=8 groups=32 requested_j=auto median_us=0.000000 sampled_rel2=0.00364966312 bit_differences=0
RESULT type=iq2_xs N=1280 K=2560 mean=20 max=35 groups=32 requested_j=0 median_us=0.000000 sampled_rel2=0.00380738437 bit_differences=0
RESULT type=iq2_xs N=1280 K=2560 mean=20 max=35 groups=32 requested_j=16 median_us=0.000000 sampled_rel2=0.00380738437 bit_differences=0
RESULT type=iq2_xs N=1280 K=2560 mean=20 max=35 groups=32 requested_j=32 median_us=0.000000 sampled_rel2=0.00380738437 bit_differences=0
RESULT type=iq2_xs N=1280 K=2560 mean=20 max=35 groups=32 requested_j=48 median_us=0.000000 sampled_rel2=0.00380738437 bit_differences=0
RESULT type=iq2_xs N=1280 K=2560 mean=20 max=35 groups=32 requested_j=64 median_us=0.000000 sampled_rel2=0.00380738437 bit_differences=0
RESULT type=iq2_xs N=1280 K=2560 mean=20 max=35 groups=32 requested_j=auto median_us=0.000000 sampled_rel2=0.00380738437 bit_differences=0
RESULT type=iq2_xs N=1280 K=2560 mean=40 max=70 groups=32 requested_j=0 median_us=0.000000 sampled_rel2=0.00372733802 bit_differences=0
RESULT type=iq2_xs N=1280 K=2560 mean=40 max=70 groups=32 requested_j=16 median_us=0.000000 sampled_rel2=0.00372733802 bit_differences=0
RESULT type=iq2_xs N=1280 K=2560 mean=40 max=70 groups=32 requested_j=32 median_us=0.000000 sampled_rel2=0.00372733802 bit_differences=0
RESULT type=iq2_xs N=1280 K=2560 mean=40 max=70 groups=32 requested_j=48 median_us=0.000000 sampled_rel2=0.00372733802 bit_differences=0
RESULT type=iq2_xs N=1280 K=2560 mean=40 max=70 groups=32 requested_j=64 median_us=0.000000 sampled_rel2=0.00372733802 bit_differences=0
RESULT type=iq2_xs N=1280 K=2560 mean=40 max=70 groups=32 requested_j=auto median_us=0.000000 sampled_rel2=0.00372733802 bit_differences=0
RESULT type=iq2_xs N=1280 K=2560 mean=80 max=140 groups=32 requested_j=0 median_us=0.000000 sampled_rel2=0.00390053308 bit_differences=0
RESULT type=iq2_xs N=1280 K=2560 mean=80 max=140 groups=32 requested_j=16 median_us=0.000000 sampled_rel2=0.00390053308 bit_differences=0
RESULT type=iq2_xs N=1280 K=2560 mean=80 max=140 groups=32 requested_j=32 median_us=0.000000 sampled_rel2=0.00390053308 bit_differences=0
RESULT type=iq2_xs N=1280 K=2560 mean=80 max=140 groups=32 requested_j=48 median_us=0.000000 sampled_rel2=0.00390053308 bit_differences=0
RESULT type=iq2_xs N=1280 K=2560 mean=80 max=140 groups=32 requested_j=64 median_us=0.000000 sampled_rel2=0.00390053308 bit_differences=0
RESULT type=iq2_xs N=1280 K=2560 mean=80 max=140 groups=32 requested_j=auto median_us=0.000000 sampled_rel2=0.00390053308 bit_differences=0
RESULT type=iq2_xs N=1280 K=2560 mean=160 max=280 groups=32 requested_j=0 median_us=0.000000 sampled_rel2=0.00378136848 bit_differences=0
RESULT type=iq2_xs N=1280 K=2560 mean=160 max=280 groups=32 requested_j=16 median_us=0.000000 sampled_rel2=0.00378136848 bit_differences=0
RESULT type=iq2_xs N=1280 K=2560 mean=160 max=280 groups=32 requested_j=32 median_us=0.000000 sampled_rel2=0.00378136848 bit_differences=0
RESULT type=iq2_xs N=1280 K=2560 mean=160 max=280 groups=32 requested_j=48 median_us=0.000000 sampled_rel2=0.00378136848 bit_differences=0
RESULT type=iq2_xs N=1280 K=2560 mean=160 max=280 groups=32 requested_j=64 median_us=0.000000 sampled_rel2=0.00378136848 bit_differences=0
RESULT type=iq2_xs N=1280 K=2560 mean=160 max=280 groups=32 requested_j=auto median_us=0.000000 sampled_rel2=0.00378136848 bit_differences=0
RESULT type=iq2_s N=1280 K=2560 mean=5 max=8 groups=32 requested_j=0 median_us=0.000000 sampled_rel2=0.00366905069 bit_differences=0
RESULT type=iq2_s N=1280 K=2560 mean=5 max=8 groups=32 requested_j=16 median_us=0.000000 sampled_rel2=0.00366905069 bit_differences=0
RESULT type=iq2_s N=1280 K=2560 mean=5 max=8 groups=32 requested_j=32 median_us=0.000000 sampled_rel2=0.00366905069 bit_differences=0
RESULT type=iq2_s N=1280 K=2560 mean=5 max=8 groups=32 requested_j=48 median_us=0.000000 sampled_rel2=0.00366905069 bit_differences=0
RESULT type=iq2_s N=1280 K=2560 mean=5 max=8 groups=32 requested_j=64 median_us=0.000000 sampled_rel2=0.00366905069 bit_differences=0
RESULT type=iq2_s N=1280 K=2560 mean=5 max=8 groups=32 requested_j=auto median_us=0.000000 sampled_rel2=0.00366905069 bit_differences=0
RESULT type=iq2_s N=1280 K=2560 mean=20 max=35 groups=32 requested_j=0 median_us=0.000000 sampled_rel2=0.00386908367 bit_differences=0
RESULT type=iq2_s N=1280 K=2560 mean=20 max=35 groups=32 requested_j=16 median_us=0.000000 sampled_rel2=0.00386908367 bit_differences=0
RESULT type=iq2_s N=1280 K=2560 mean=20 max=35 groups=32 requested_j=32 median_us=0.000000 sampled_rel2=0.00386908367 bit_differences=0
RESULT type=iq2_s N=1280 K=2560 mean=20 max=35 groups=32 requested_j=48 median_us=0.000000 sampled_rel2=0.00386908367 bit_differences=0
RESULT type=iq2_s N=1280 K=2560 mean=20 max=35 groups=32 requested_j=64 median_us=0.000000 sampled_rel2=0.00386908367 bit_differences=0
RESULT type=iq2_s N=1280 K=2560 mean=20 max=35 groups=32 requested_j=auto median_us=0.000000 sampled_rel2=0.00386908367 bit_differences=0
RESULT type=iq2_s N=1280 K=2560 mean=40 max=70 groups=32 requested_j=0 median_us=0.000000 sampled_rel2=0.00387264449 bit_differences=0
RESULT type=iq2_s N=1280 K=2560 mean=40 max=70 groups=32 requested_j=16 median_us=0.000000 sampled_rel2=0.00387264449 bit_differences=0
RESULT type=iq2_s N=1280 K=2560 mean=40 max=70 groups=32 requested_j=32 median_us=0.000000 sampled_rel2=0.00387264449 bit_differences=0
RESULT type=iq2_s N=1280 K=2560 mean=40 max=70 groups=32 requested_j=48 median_us=0.000000 sampled_rel2=0.00387264449 bit_differences=0
RESULT type=iq2_s N=1280 K=2560 mean=40 max=70 groups=32 requested_j=64 median_us=0.000000 sampled_rel2=0.00387264449 bit_differences=0
RESULT type=iq2_s N=1280 K=2560 mean=40 max=70 groups=32 requested_j=auto median_us=0.000000 sampled_rel2=0.00387264449 bit_differences=0
RESULT type=iq2_s N=1280 K=2560 mean=80 max=140 groups=32 requested_j=0 median_us=0.000000 sampled_rel2=0.00400592458 bit_differences=0
RESULT type=iq2_s N=1280 K=2560 mean=80 max=140 groups=32 requested_j=16 median_us=0.000000 sampled_rel2=0.00400592458 bit_differences=0
RESULT type=iq2_s N=1280 K=2560 mean=80 max=140 groups=32 requested_j=32 median_us=0.000000 sampled_rel2=0.00400592458 bit_differences=0
RESULT type=iq2_s N=1280 K=2560 mean=80 max=140 groups=32 requested_j=48 median_us=0.000000 sampled_rel2=0.00400592458 bit_differences=0
RESULT type=iq2_s N=1280 K=2560 mean=80 max=140 groups=32 requested_j=64 median_us=0.000000 sampled_rel2=0.00400592458 bit_differences=0
RESULT type=iq2_s N=1280 K=2560 mean=80 max=140 groups=32 requested_j=auto median_us=0.000000 sampled_rel2=0.00400592458 bit_differences=0
RESULT type=iq2_s N=1280 K=2560 mean=160 max=280 groups=32 requested_j=0 median_us=0.000000 sampled_rel2=0.00380072631 bit_differences=0
RESULT type=iq2_s N=1280 K=2560 mean=160 max=280 groups=32 requested_j=16 median_us=0.000000 sampled_rel2=0.00380072631 bit_differences=0
RESULT type=iq2_s N=1280 K=2560 mean=160 max=280 groups=32 requested_j=32 median_us=0.000000 sampled_rel2=0.00380072631 bit_differences=0
RESULT type=iq2_s N=1280 K=2560 mean=160 max=280 groups=32 requested_j=48 median_us=0.000000 sampled_rel2=0.00380072631 bit_differences=0
RESULT type=iq2_s N=1280 K=2560 mean=160 max=280 groups=32 requested_j=64 median_us=0.000000 sampled_rel2=0.00380072631 bit_differences=0
RESULT type=iq2_s N=1280 K=2560 mean=160 max=280 groups=32 requested_j=auto median_us=0.000000 sampled_rel2=0.00380072631 bit_differences=0
RESULT type=iq3_xxs N=1280 K=2560 mean=5 max=8 groups=32 requested_j=0 median_us=0.000000 sampled_rel2=0.00377461745 bit_differences=0
RESULT type=iq3_xxs N=1280 K=2560 mean=5 max=8 groups=32 requested_j=16 median_us=0.000000 sampled_rel2=0.00377461745 bit_differences=0
RESULT type=iq3_xxs N=1280 K=2560 mean=5 max=8 groups=32 requested_j=32 median_us=0.000000 sampled_rel2=0.00377461745 bit_differences=0
RESULT type=iq3_xxs N=1280 K=2560 mean=5 max=8 groups=32 requested_j=48 median_us=0.000000 sampled_rel2=0.00377461745 bit_differences=0
RESULT type=iq3_xxs N=1280 K=2560 mean=5 max=8 groups=32 requested_j=64 median_us=0.000000 sampled_rel2=0.00377461745 bit_differences=0
RESULT type=iq3_xxs N=1280 K=2560 mean=5 max=8 groups=32 requested_j=auto median_us=0.000000 sampled_rel2=0.00377461745 bit_differences=0
RESULT type=iq3_xxs N=1280 K=2560 mean=20 max=35 groups=32 requested_j=0 median_us=0.000000 sampled_rel2=0.00379653728 bit_differences=0
RESULT type=iq3_xxs N=1280 K=2560 mean=20 max=35 groups=32 requested_j=16 median_us=0.000000 sampled_rel2=0.00379653728 bit_differences=0
RESULT type=iq3_xxs N=1280 K=2560 mean=20 max=35 groups=32 requested_j=32 median_us=0.000000 sampled_rel2=0.00379653728 bit_differences=0
RESULT type=iq3_xxs N=1280 K=2560 mean=20 max=35 groups=32 requested_j=48 median_us=0.000000 sampled_rel2=0.00379653728 bit_differences=0
RESULT type=iq3_xxs N=1280 K=2560 mean=20 max=35 groups=32 requested_j=64 median_us=0.000000 sampled_rel2=0.00379653728 bit_differences=0
RESULT type=iq3_xxs N=1280 K=2560 mean=20 max=35 groups=32 requested_j=auto median_us=0.000000 sampled_rel2=0.00379653728 bit_differences=0
RESULT type=iq3_xxs N=1280 K=2560 mean=40 max=70 groups=32 requested_j=0 median_us=0.000000 sampled_rel2=0.00382093376 bit_differences=0
RESULT type=iq3_xxs N=1280 K=2560 mean=40 max=70 groups=32 requested_j=16 median_us=0.000000 sampled_rel2=0.00382093376 bit_differences=0
RESULT type=iq3_xxs N=1280 K=2560 mean=40 max=70 groups=32 requested_j=32 median_us=0.000000 sampled_rel2=0.00382093376 bit_differences=0
RESULT type=iq3_xxs N=1280 K=2560 mean=40 max=70 groups=32 requested_j=48 median_us=0.000000 sampled_rel2=0.00382093376 bit_differences=0
RESULT type=iq3_xxs N=1280 K=2560 mean=40 max=70 groups=32 requested_j=64 median_us=0.000000 sampled_rel2=0.00382093376 bit_differences=0
RESULT type=iq3_xxs N=1280 K=2560 mean=40 max=70 groups=32 requested_j=auto median_us=0.000000 sampled_rel2=0.00382093376 bit_differences=0
RESULT type=iq3_xxs N=1280 K=2560 mean=80 max=140 groups=32 requested_j=0 median_us=0.000000 sampled_rel2=0.0040455994 bit_differences=0
RESULT type=iq3_xxs N=1280 K=2560 mean=80 max=140 groups=32 requested_j=16 median_us=0.000000 sampled_rel2=0.0040455994 bit_differences=0
RESULT type=iq3_xxs N=1280 K=2560 mean=80 max=140 groups=32 requested_j=32 median_us=0.000000 sampled_rel2=0.0040455994 bit_differences=0
RESULT type=iq3_xxs N=1280 K=2560 mean=80 max=140 groups=32 requested_j=48 median_us=0.000000 sampled_rel2=0.0040455994 bit_differences=0
RESULT type=iq3_xxs N=1280 K=2560 mean=80 max=140 groups=32 requested_j=64 median_us=0.000000 sampled_rel2=0.0040455994 bit_differences=0
RESULT type=iq3_xxs N=1280 K=2560 mean=80 max=140 groups=32 requested_j=auto median_us=0.000000 sampled_rel2=0.0040455994 bit_differences=0
RESULT type=iq3_xxs N=1280 K=2560 mean=160 max=280 groups=32 requested_j=0 median_us=0.000000 sampled_rel2=0.00378812554 bit_differences=0
RESULT type=iq3_xxs N=1280 K=2560 mean=160 max=280 groups=32 requested_j=16 median_us=0.000000 sampled_rel2=0.00378812554 bit_differences=0
RESULT type=iq3_xxs N=1280 K=2560 mean=160 max=280 groups=32 requested_j=32 median_us=0.000000 sampled_rel2=0.00378812554 bit_differences=0
RESULT type=iq3_xxs N=1280 K=2560 mean=160 max=280 groups=32 requested_j=48 median_us=0.000000 sampled_rel2=0.00378812554 bit_differences=0
RESULT type=iq3_xxs N=1280 K=2560 mean=160 max=280 groups=32 requested_j=64 median_us=0.000000 sampled_rel2=0.00378812554 bit_differences=0
RESULT type=iq3_xxs N=1280 K=2560 mean=160 max=280 groups=32 requested_j=auto median_us=0.000000 sampled_rel2=0.00378812554 bit_differences=0
RESULT type=iq3_s N=1280 K=2560 mean=5 max=8 groups=32 requested_j=0 median_us=0.000000 sampled_rel2=0.00393585674 bit_differences=0
RESULT type=iq3_s N=1280 K=2560 mean=5 max=8 groups=32 requested_j=16 median_us=0.000000 sampled_rel2=0.00393585674 bit_differences=0
RESULT type=iq3_s N=1280 K=2560 mean=5 max=8 groups=32 requested_j=32 median_us=0.000000 sampled_rel2=0.00393585674 bit_differences=0
RESULT type=iq3_s N=1280 K=2560 mean=5 max=8 groups=32 requested_j=48 median_us=0.000000 sampled_rel2=0.00393585674 bit_differences=0
RESULT type=iq3_s N=1280 K=2560 mean=5 max=8 groups=32 requested_j=64 median_us=0.000000 sampled_rel2=0.00393585674 bit_differences=0
RESULT type=iq3_s N=1280 K=2560 mean=5 max=8 groups=32 requested_j=auto median_us=0.000000 sampled_rel2=0.00393585674 bit_differences=0
RESULT type=iq3_s N=1280 K=2560 mean=20 max=35 groups=32 requested_j=0 median_us=0.000000 sampled_rel2=0.0037135322 bit_differences=0
RESULT type=iq3_s N=1280 K=2560 mean=20 max=35 groups=32 requested_j=16 median_us=0.000000 sampled_rel2=0.0037135322 bit_differences=0
RESULT type=iq3_s N=1280 K=2560 mean=20 max=35 groups=32 requested_j=32 median_us=0.000000 sampled_rel2=0.0037135322 bit_differences=0
RESULT type=iq3_s N=1280 K=2560 mean=20 max=35 groups=32 requested_j=48 median_us=0.000000 sampled_rel2=0.0037135322 bit_differences=0
RESULT type=iq3_s N=1280 K=2560 mean=20 max=35 groups=32 requested_j=64 median_us=0.000000 sampled_rel2=0.0037135322 bit_differences=0
RESULT type=iq3_s N=1280 K=2560 mean=20 max=35 groups=32 requested_j=auto median_us=0.000000 sampled_rel2=0.0037135322 bit_differences=0
RESULT type=iq3_s N=1280 K=2560 mean=40 max=70 groups=32 requested_j=0 median_us=0.000000 sampled_rel2=0.00361285654 bit_differences=0
RESULT type=iq3_s N=1280 K=2560 mean=40 max=70 groups=32 requested_j=16 median_us=0.000000 sampled_rel2=0.00361285654 bit_differences=0
RESULT type=iq3_s N=1280 K=2560 mean=40 max=70 groups=32 requested_j=32 median_us=0.000000 sampled_rel2=0.00361285654 bit_differences=0
RESULT type=iq3_s N=1280 K=2560 mean=40 max=70 groups=32 requested_j=48 median_us=0.000000 sampled_rel2=0.00361285654 bit_differences=0
RESULT type=iq3_s N=1280 K=2560 mean=40 max=70 groups=32 requested_j=64 median_us=0.000000 sampled_rel2=0.00361285654 bit_differences=0
RESULT type=iq3_s N=1280 K=2560 mean=40 max=70 groups=32 requested_j=auto median_us=0.000000 sampled_rel2=0.00361285654 bit_differences=0
RESULT type=iq3_s N=1280 K=2560 mean=80 max=140 groups=32 requested_j=0 median_us=0.000000 sampled_rel2=0.00401726041 bit_differences=0
RESULT type=iq3_s N=1280 K=2560 mean=80 max=140 groups=32 requested_j=16 median_us=0.000000 sampled_rel2=0.00401726041 bit_differences=0
RESULT type=iq3_s N=1280 K=2560 mean=80 max=140 groups=32 requested_j=32 median_us=0.000000 sampled_rel2=0.00401726041 bit_differences=0
RESULT type=iq3_s N=1280 K=2560 mean=80 max=140 groups=32 requested_j=48 median_us=0.000000 sampled_rel2=0.00401726041 bit_differences=0
RESULT type=iq3_s N=1280 K=2560 mean=80 max=140 groups=32 requested_j=64 median_us=0.000000 sampled_rel2=0.00401726041 bit_differences=0
RESULT type=iq3_s N=1280 K=2560 mean=80 max=140 groups=32 requested_j=auto median_us=0.000000 sampled_rel2=0.00401726041 bit_differences=0
RESULT type=iq3_s N=1280 K=2560 mean=160 max=280 groups=32 requested_j=0 median_us=0.000000 sampled_rel2=0.00377773553 bit_differences=0
RESULT type=iq3_s N=1280 K=2560 mean=160 max=280 groups=32 requested_j=16 median_us=0.000000 sampled_rel2=0.00377773553 bit_differences=0
RESULT type=iq3_s N=1280 K=2560 mean=160 max=280 groups=32 requested_j=32 median_us=0.000000 sampled_rel2=0.00377773553 bit_differences=0
RESULT type=iq3_s N=1280 K=2560 mean=160 max=280 groups=32 requested_j=48 median_us=0.000000 sampled_rel2=0.00377773553 bit_differences=0
RESULT type=iq3_s N=1280 K=2560 mean=160 max=280 groups=32 requested_j=64 median_us=0.000000 sampled_rel2=0.00377773553 bit_differences=0
RESULT type=iq3_s N=1280 K=2560 mean=160 max=280 groups=32 requested_j=auto median_us=0.000000 sampled_rel2=0.00377773553 bit_differences=0
RESULT type=iq4_xs N=1280 K=2560 mean=5 max=8 groups=32 requested_j=0 median_us=0.000000 sampled_rel2=0.00320237238 bit_differences=0
RESULT type=iq4_xs N=1280 K=2560 mean=5 max=8 groups=32 requested_j=16 median_us=0.000000 sampled_rel2=0.00320237238 bit_differences=0
RESULT type=iq4_xs N=1280 K=2560 mean=5 max=8 groups=32 requested_j=32 median_us=0.000000 sampled_rel2=0.00320237238 bit_differences=0
RESULT type=iq4_xs N=1280 K=2560 mean=5 max=8 groups=32 requested_j=48 median_us=0.000000 sampled_rel2=0.00320237238 bit_differences=0
RESULT type=iq4_xs N=1280 K=2560 mean=5 max=8 groups=32 requested_j=64 median_us=0.000000 sampled_rel2=0.00320237238 bit_differences=0
RESULT type=iq4_xs N=1280 K=2560 mean=5 max=8 groups=32 requested_j=auto median_us=0.000000 sampled_rel2=0.00320237238 bit_differences=0
RESULT type=iq4_xs N=1280 K=2560 mean=20 max=35 groups=32 requested_j=0 median_us=0.000000 sampled_rel2=0.00300552345 bit_differences=0
RESULT type=iq4_xs N=1280 K=2560 mean=20 max=35 groups=32 requested_j=16 median_us=0.000000 sampled_rel2=0.00300552345 bit_differences=0
RESULT type=iq4_xs N=1280 K=2560 mean=20 max=35 groups=32 requested_j=32 median_us=0.000000 sampled_rel2=0.00300552345 bit_differences=0
RESULT type=iq4_xs N=1280 K=2560 mean=20 max=35 groups=32 requested_j=48 median_us=0.000000 sampled_rel2=0.00300552345 bit_differences=0
RESULT type=iq4_xs N=1280 K=2560 mean=20 max=35 groups=32 requested_j=64 median_us=0.000000 sampled_rel2=0.00300552345 bit_differences=0
RESULT type=iq4_xs N=1280 K=2560 mean=20 max=35 groups=32 requested_j=auto median_us=0.000000 sampled_rel2=0.00300552345 bit_differences=0
RESULT type=iq4_xs N=1280 K=2560 mean=40 max=70 groups=32 requested_j=0 median_us=0.000000 sampled_rel2=0.00319308024 bit_differences=0
RESULT type=iq4_xs N=1280 K=2560 mean=40 max=70 groups=32 requested_j=16 median_us=0.000000 sampled_rel2=0.00319308024 bit_differences=0
RESULT type=iq4_xs N=1280 K=2560 mean=40 max=70 groups=32 requested_j=32 median_us=0.000000 sampled_rel2=0.00319308024 bit_differences=0
RESULT type=iq4_xs N=1280 K=2560 mean=40 max=70 groups=32 requested_j=48 median_us=0.000000 sampled_rel2=0.00319308024 bit_differences=0
RESULT type=iq4_xs N=1280 K=2560 mean=40 max=70 groups=32 requested_j=64 median_us=0.000000 sampled_rel2=0.00319308024 bit_differences=0
RESULT type=iq4_xs N=1280 K=2560 mean=40 max=70 groups=32 requested_j=auto median_us=0.000000 sampled_rel2=0.00319308024 bit_differences=0
RESULT type=iq4_xs N=1280 K=2560 mean=80 max=140 groups=32 requested_j=0 median_us=0.000000 sampled_rel2=0.00331640971 bit_differences=0
RESULT type=iq4_xs N=1280 K=2560 mean=80 max=140 groups=32 requested_j=16 median_us=0.000000 sampled_rel2=0.00331640971 bit_differences=0
RESULT type=iq4_xs N=1280 K=2560 mean=80 max=140 groups=32 requested_j=32 median_us=0.000000 sampled_rel2=0.00331640971 bit_differences=0
RESULT type=iq4_xs N=1280 K=2560 mean=80 max=140 groups=32 requested_j=48 median_us=0.000000 sampled_rel2=0.00331640971 bit_differences=0
RESULT type=iq4_xs N=1280 K=2560 mean=80 max=140 groups=32 requested_j=64 median_us=0.000000 sampled_rel2=0.00331640971 bit_differences=0
RESULT type=iq4_xs N=1280 K=2560 mean=80 max=140 groups=32 requested_j=auto median_us=0.000000 sampled_rel2=0.00331640971 bit_differences=0
RESULT type=iq4_xs N=1280 K=2560 mean=160 max=280 groups=32 requested_j=0 median_us=0.000000 sampled_rel2=0.00319120492 bit_differences=0
RESULT type=iq4_xs N=1280 K=2560 mean=160 max=280 groups=32 requested_j=16 median_us=0.000000 sampled_rel2=0.00319120492 bit_differences=0
RESULT type=iq4_xs N=1280 K=2560 mean=160 max=280 groups=32 requested_j=32 median_us=0.000000 sampled_rel2=0.00319120492 bit_differences=0
RESULT type=iq4_xs N=1280 K=2560 mean=160 max=280 groups=32 requested_j=48 median_us=0.000000 sampled_rel2=0.00319120492 bit_differences=0
RESULT type=iq4_xs N=1280 K=2560 mean=160 max=280 groups=32 requested_j=64 median_us=0.000000 sampled_rel2=0.00319120492 bit_differences=0
RESULT type=iq4_xs N=1280 K=2560 mean=160 max=280 groups=32 requested_j=auto median_us=0.000000 sampled_rel2=0.00319120492 bit_differences=0
RESULT type=q2_0 N=2560 K=640 mean=5 max=8 groups=32 requested_j=0 median_us=0.000000 sampled_rel2=0.000881555239 bit_differences=0
RESULT type=q2_0 N=2560 K=640 mean=5 max=8 groups=32 requested_j=16 median_us=0.000000 sampled_rel2=0.000881555239 bit_differences=0
RESULT type=q2_0 N=2560 K=640 mean=5 max=8 groups=32 requested_j=32 median_us=0.000000 sampled_rel2=0.000881555239 bit_differences=0
RESULT type=q2_0 N=2560 K=640 mean=5 max=8 groups=32 requested_j=48 median_us=0.000000 sampled_rel2=0.000881555239 bit_differences=0
RESULT type=q2_0 N=2560 K=640 mean=5 max=8 groups=32 requested_j=64 median_us=0.000000 sampled_rel2=0.000881555239 bit_differences=0
RESULT type=q2_0 N=2560 K=640 mean=5 max=8 groups=32 requested_j=auto median_us=0.000000 sampled_rel2=0.000881555239 bit_differences=0
RESULT type=q2_0 N=2560 K=640 mean=20 max=35 groups=32 requested_j=0 median_us=0.000000 sampled_rel2=0.000947580448 bit_differences=0
RESULT type=q2_0 N=2560 K=640 mean=20 max=35 groups=32 requested_j=16 median_us=0.000000 sampled_rel2=0.000947580448 bit_differences=0
RESULT type=q2_0 N=2560 K=640 mean=20 max=35 groups=32 requested_j=32 median_us=0.000000 sampled_rel2=0.000947580448 bit_differences=0
RESULT type=q2_0 N=2560 K=640 mean=20 max=35 groups=32 requested_j=48 median_us=0.000000 sampled_rel2=0.000947580448 bit_differences=0
RESULT type=q2_0 N=2560 K=640 mean=20 max=35 groups=32 requested_j=64 median_us=0.000000 sampled_rel2=0.000947580448 bit_differences=0
RESULT type=q2_0 N=2560 K=640 mean=20 max=35 groups=32 requested_j=auto median_us=0.000000 sampled_rel2=0.000947580448 bit_differences=0
RESULT type=q2_0 N=2560 K=640 mean=40 max=70 groups=32 requested_j=0 median_us=0.000000 sampled_rel2=0.000928134728 bit_differences=0
RESULT type=q2_0 N=2560 K=640 mean=40 max=70 groups=32 requested_j=16 median_us=0.000000 sampled_rel2=0.000928134728 bit_differences=0
RESULT type=q2_0 N=2560 K=640 mean=40 max=70 groups=32 requested_j=32 median_us=0.000000 sampled_rel2=0.000928134728 bit_differences=0
RESULT type=q2_0 N=2560 K=640 mean=40 max=70 groups=32 requested_j=48 median_us=0.000000 sampled_rel2=0.000928134728 bit_differences=0
RESULT type=q2_0 N=2560 K=640 mean=40 max=70 groups=32 requested_j=64 median_us=0.000000 sampled_rel2=0.000928134728 bit_differences=0
RESULT type=q2_0 N=2560 K=640 mean=40 max=70 groups=32 requested_j=auto median_us=0.000000 sampled_rel2=0.000928134728 bit_differences=0
RESULT type=q2_0 N=2560 K=640 mean=80 max=140 groups=32 requested_j=0 median_us=0.000000 sampled_rel2=0.000933166885 bit_differences=0
RESULT type=q2_0 N=2560 K=640 mean=80 max=140 groups=32 requested_j=16 median_us=0.000000 sampled_rel2=0.000933166885 bit_differences=0
RESULT type=q2_0 N=2560 K=640 mean=80 max=140 groups=32 requested_j=32 median_us=0.000000 sampled_rel2=0.000933166885 bit_differences=0
RESULT type=q2_0 N=2560 K=640 mean=80 max=140 groups=32 requested_j=48 median_us=0.000000 sampled_rel2=0.000933166885 bit_differences=0
RESULT type=q2_0 N=2560 K=640 mean=80 max=140 groups=32 requested_j=64 median_us=0.000000 sampled_rel2=0.000933166885 bit_differences=0
RESULT type=q2_0 N=2560 K=640 mean=80 max=140 groups=32 requested_j=auto median_us=0.000000 sampled_rel2=0.000933166885 bit_differences=0
RESULT type=q2_0 N=2560 K=640 mean=160 max=280 groups=32 requested_j=0 median_us=0.000000 sampled_rel2=0.000976168251 bit_differences=0
RESULT type=q2_0 N=2560 K=640 mean=160 max=280 groups=32 requested_j=16 median_us=0.000000 sampled_rel2=0.000976168251 bit_differences=0
RESULT type=q2_0 N=2560 K=640 mean=160 max=280 groups=32 requested_j=32 median_us=0.000000 sampled_rel2=0.000976168251 bit_differences=0
RESULT type=q2_0 N=2560 K=640 mean=160 max=280 groups=32 requested_j=48 median_us=0.000000 sampled_rel2=0.000976168251 bit_differences=0
RESULT type=q2_0 N=2560 K=640 mean=160 max=280 groups=32 requested_j=64 median_us=0.000000 sampled_rel2=0.000976168251 bit_differences=0
RESULT type=q2_0 N=2560 K=640 mean=160 max=280 groups=32 requested_j=auto median_us=0.000000 sampled_rel2=0.000976168251 bit_differences=0
RESULT type=iq4_nl N=2560 K=640 mean=5 max=8 groups=32 requested_j=0 median_us=0.000000 sampled_rel2=0.00326002483 bit_differences=0
RESULT type=iq4_nl N=2560 K=640 mean=5 max=8 groups=32 requested_j=16 median_us=0.000000 sampled_rel2=0.00326002483 bit_differences=0
RESULT type=iq4_nl N=2560 K=640 mean=5 max=8 groups=32 requested_j=32 median_us=0.000000 sampled_rel2=0.00326002483 bit_differences=0
RESULT type=iq4_nl N=2560 K=640 mean=5 max=8 groups=32 requested_j=48 median_us=0.000000 sampled_rel2=0.00326002483 bit_differences=0
RESULT type=iq4_nl N=2560 K=640 mean=5 max=8 groups=32 requested_j=64 median_us=0.000000 sampled_rel2=0.00326002483 bit_differences=0
RESULT type=iq4_nl N=2560 K=640 mean=5 max=8 groups=32 requested_j=auto median_us=0.000000 sampled_rel2=0.00326002483 bit_differences=0
RESULT type=iq4_nl N=2560 K=640 mean=20 max=35 groups=32 requested_j=0 median_us=0.000000 sampled_rel2=0.00389188415 bit_differences=0
RESULT type=iq4_nl N=2560 K=640 mean=20 max=35 groups=32 requested_j=16 median_us=0.000000 sampled_rel2=0.00389188415 bit_differences=0
RESULT type=iq4_nl N=2560 K=640 mean=20 max=35 groups=32 requested_j=32 median_us=0.000000 sampled_rel2=0.00389188415 bit_differences=0
RESULT type=iq4_nl N=2560 K=640 mean=20 max=35 groups=32 requested_j=48 median_us=0.000000 sampled_rel2=0.00389188415 bit_differences=0
RESULT type=iq4_nl N=2560 K=640 mean=20 max=35 groups=32 requested_j=64 median_us=0.000000 sampled_rel2=0.00389188415 bit_differences=0
RESULT type=iq4_nl N=2560 K=640 mean=20 max=35 groups=32 requested_j=auto median_us=0.000000 sampled_rel2=0.00389188415 bit_differences=0
RESULT type=iq4_nl N=2560 K=640 mean=40 max=70 groups=32 requested_j=0 median_us=0.000000 sampled_rel2=0.00362880763 bit_differences=0
RESULT type=iq4_nl N=2560 K=640 mean=40 max=70 groups=32 requested_j=16 median_us=0.000000 sampled_rel2=0.00362880763 bit_differences=0
RESULT type=iq4_nl N=2560 K=640 mean=40 max=70 groups=32 requested_j=32 median_us=0.000000 sampled_rel2=0.00362880763 bit_differences=0
RESULT type=iq4_nl N=2560 K=640 mean=40 max=70 groups=32 requested_j=48 median_us=0.000000 sampled_rel2=0.00362880763 bit_differences=0
RESULT type=iq4_nl N=2560 K=640 mean=40 max=70 groups=32 requested_j=64 median_us=0.000000 sampled_rel2=0.00362880763 bit_differences=0
RESULT type=iq4_nl N=2560 K=640 mean=40 max=70 groups=32 requested_j=auto median_us=0.000000 sampled_rel2=0.00362880763 bit_differences=0
RESULT type=iq4_nl N=2560 K=640 mean=80 max=140 groups=32 requested_j=0 median_us=0.000000 sampled_rel2=0.0039194607 bit_differences=0
RESULT type=iq4_nl N=2560 K=640 mean=80 max=140 groups=32 requested_j=16 median_us=0.000000 sampled_rel2=0.0039194607 bit_differences=0
RESULT type=iq4_nl N=2560 K=640 mean=80 max=140 groups=32 requested_j=32 median_us=0.000000 sampled_rel2=0.0039194607 bit_differences=0
RESULT type=iq4_nl N=2560 K=640 mean=80 max=140 groups=32 requested_j=48 median_us=0.000000 sampled_rel2=0.0039194607 bit_differences=0
RESULT type=iq4_nl N=2560 K=640 mean=80 max=140 groups=32 requested_j=64 median_us=0.000000 sampled_rel2=0.0039194607 bit_differences=0
RESULT type=iq4_nl N=2560 K=640 mean=80 max=140 groups=32 requested_j=auto median_us=0.000000 sampled_rel2=0.0039194607 bit_differences=0
RESULT type=iq4_nl N=2560 K=640 mean=160 max=280 groups=32 requested_j=0 median_us=0.000000 sampled_rel2=0.00378468768 bit_differences=0
RESULT type=iq4_nl N=2560 K=640 mean=160 max=280 groups=32 requested_j=16 median_us=0.000000 sampled_rel2=0.00378468768 bit_differences=0
RESULT type=iq4_nl N=2560 K=640 mean=160 max=280 groups=32 requested_j=32 median_us=0.000000 sampled_rel2=0.00378468768 bit_differences=0
RESULT type=iq4_nl N=2560 K=640 mean=160 max=280 groups=32 requested_j=48 median_us=0.000000 sampled_rel2=0.00378468768 bit_differences=0
RESULT type=iq4_nl N=2560 K=640 mean=160 max=280 groups=32 requested_j=64 median_us=0.000000 sampled_rel2=0.00378468768 bit_differences=0
RESULT type=iq4_nl N=2560 K=640 mean=160 max=280 groups=32 requested_j=auto median_us=0.000000 sampled_rel2=0.00378468768 bit_differences=0
PASS: full tile/control outputs + sampled CPU double oracle; not model parity or tok/s
