test_corrupt_existing_file_is_not_overwritten (test_gfx906_setup.Downloads.test_corrupt_existing_file_is_not_overwritten) ... ok
test_hash_check_and_pinned_url (test_gfx906_setup.Downloads.test_hash_check_and_pinned_url) ... ok
test_resume_rejects_ignored_range (test_gfx906_setup.Downloads.test_resume_rejects_ignored_range) ... ok
test_cuda_mask_unchanged (test_gfx906_setup.Frontend.test_cuda_mask_unchanged) ... ok
test_hip_mask_clears_conflicting_masks (test_gfx906_setup.Frontend.test_hip_mask_clears_conflicting_masks) ... ok
test_layer_split_and_selection (test_gfx906_setup.Frontend.test_layer_split_and_selection) ... ok
test_builder_compiles_all_architectures_and_saves_opt_in (test_gfx906_setup.Selection.test_builder_compiles_all_architectures_and_saves_opt_in) ... ok
test_builder_default_rejects_gfx906 (test_gfx906_setup.Selection.test_builder_default_rejects_gfx906) ... ok
test_check_is_read_only_and_amd_multigpu (test_gfx906_setup.Selection.test_check_is_read_only_and_amd_multigpu) ... ok
test_opt_in_default_off (test_gfx906_setup.Selection.test_opt_in_default_off) ... ok
test_order_and_all (test_gfx906_setup.Selection.test_order_and_all) ... ok
test_rejections (test_gfx906_setup.Selection.test_rejections) ... ok
test_start_keeps_amd_list_and_uses_hip_builder (test_gfx906_setup.Selection.test_start_keeps_amd_list_and_uses_hip_builder) ... ok
test_complete_model_recheck_needs_only_safety_floor (test_gfx906_setup.StorageAndRanges.test_complete_model_recheck_needs_only_safety_floor) ... ok
test_ignored_tensor_range_rejected_before_reading_body (test_gfx906_setup.StorageAndRanges.test_ignored_tensor_range_rejected_before_reading_body) ... ok
test_inventory_revision_must_match (test_gfx906_setup.StorageAndRanges.test_inventory_revision_must_match) ... ok
test_oversized_safetensors_header (test_gfx906_setup.StorageAndRanges.test_oversized_safetensors_header) ... ok
test_valid_tensor_range (test_gfx906_setup.StorageAndRanges.test_valid_tensor_range) ... ok
test_gfx906_default_off (test_gfx906_upstream.CmakeArchitectureGate.test_gfx906_default_off) ... ok
test_gfx906_real_arch_and_feature_suffix (test_gfx906_upstream.CmakeArchitectureGate.test_gfx906_real_arch_and_feature_suffix) ... ok
test_opt_in_does_not_admit_other_wave64_architectures (test_gfx906_upstream.CmakeArchitectureGate.test_opt_in_does_not_admit_other_wave64_architectures) ... ok
test_rdna_community_architectures_remain_available (test_gfx906_upstream.CmakeArchitectureGate.test_rdna_community_architectures_remain_available) ... ok
test_space_separated_rdna2_and_gfx906_architectures (test_gfx906_upstream.CmakeArchitectureGate.test_space_separated_rdna2_and_gfx906_architectures) ... ok
test_builder_does_not_reuse_a_stamp_missing_the_experimental_flag (test_gfx906_upstream.UpstreamIntegration.test_builder_does_not_reuse_a_stamp_missing_the_experimental_flag) ... ok
test_missing_system_sdk_never_uses_rdna_wheels (test_gfx906_upstream.UpstreamIntegration.test_missing_system_sdk_never_uses_rdna_wheels) ... ok
test_saved_amd_start_all_uses_saved_opt_in_not_nvidia_detection (test_gfx906_upstream.UpstreamIntegration.test_saved_amd_start_all_uses_saved_opt_in_not_nvidia_detection) ... ok
test_update_preserves_gfx906_and_other_compiled_architectures (test_gfx906_upstream.UpstreamIntegration.test_update_preserves_gfx906_and_other_compiled_architectures) ... ok
test_upstream_parser_preserves_gfx906_opt_in_and_order (test_gfx906_upstream.UpstreamIntegration.test_upstream_parser_preserves_gfx906_opt_in_and_order) ... ok
test_version_and_acceptance_pins (test_gfx906_upstream.UpstreamIntegration.test_version_and_acceptance_pins) ... ok
test_cpu_vision_build_retains_gfx906_stamp_and_gate (test_gfx906_v034.V034Integration.test_cpu_vision_build_retains_gfx906_stamp_and_gate) ... ok
test_mtp_source_override_cannot_change_acceptance_identity (test_gfx906_v034.V034Integration.test_mtp_source_override_cannot_change_acceptance_identity) ... ok
test_mtp_verify_is_offline (test_gfx906_v034.V034Integration.test_mtp_verify_is_offline) ... ok
test_multi_hip_list_keeps_order_despite_stale_single_ordinal (test_gfx906_v034.V034Integration.test_multi_hip_list_keeps_order_despite_stale_single_ordinal) ... ok
test_posix_process_identity_rejects_zombie_and_missing_process (test_gfx906_v034.V034Integration.test_posix_process_identity_rejects_zombie_and_missing_process) ... ok
test_reused_pid_is_not_terminated (test_gfx906_v034.V034Integration.test_reused_pid_is_not_terminated) ... ok
test_saved_start_preserves_cpu_vision_and_opt_in (test_gfx906_v034.V034Integration.test_saved_start_preserves_cpu_vision_and_opt_in) ... ok
test_saved_windows_rdna_start_keeps_prebuilt_ordinal_and_dll_dirs (test_gfx906_v034.V034Integration.test_saved_windows_rdna_start_keeps_prebuilt_ordinal_and_dll_dirs) ... ok
test_single_hip_ordinal_owns_mask_after_config_env (test_gfx906_v034.V034Integration.test_single_hip_ordinal_owns_mask_after_config_env) ... ok
test_update_preserves_cpu_vision_and_opt_in (test_gfx906_v034.V034Integration.test_update_preserves_cpu_vision_and_opt_in) ... ok
test_windows_does_not_admit_gfx906_via_rdna_prebuilt (test_gfx906_v034.V034Integration.test_windows_does_not_admit_gfx906_via_rdna_prebuilt) ... ok

----------------------------------------------------------------------
Ran 40 tests in 0.532s

OK
